Archive member included because of file (symbol)

c:/hightec/toolchains/tricore/v4.6.6.0-infineon-1.1/bin/../lib/gcc/tricore/4.6.4\libgcc.a(_fixsfdi.o)
                              2_Out/Gnuc/0_Src/0_AppSw/Tricore/Main/BasicGpt12Enc.o (__fixsfdi)
c:/hightec/toolchains/tricore/v4.6.6.0-infineon-1.1/bin/../lib/gcc/tricore/4.6.4\libgcc.a(_fixunssfdi.o)
                              c:/hightec/toolchains/tricore/v4.6.6.0-infineon-1.1/bin/../lib/gcc/tricore/4.6.4\libgcc.a(_fixsfdi.o) (__fixunssfdi)
c:/hightec/toolchains/tricore/v4.6.6.0-infineon-1.1/bin/../lib/gcc/tricore/4.6.4\libgcc.a(_floatdisf.o)
                              2_Out/Gnuc/0_Src/0_AppSw/Tricore/Main/BasicGpt12Enc.o (__floatdisf)
c:/hightec/toolchains/tricore/v4.6.6.0-infineon-1.1/bin/../lib/gcc/tricore/4.6.4\libgcc.a(_sf_to_df.o)
                              2_Out/Gnuc/0_Src/0_AppSw/Tricore/Main/AsclinShellInterface.o (__extendsfdf2)
c:/hightec/toolchains/tricore/v4.6.6.0-infineon-1.1/bin/../lib/gcc/tricore/4.6.4\libgcc.a(_addsub_df.o)
                              c:/hightec/toolchains/tricore/v4.6.6.0-infineon-1.1/bin/../lib/gcc/tricore/4.6.4\libgcc.a(_floatdisf.o) (__adddf3)
c:/hightec/toolchains/tricore/v4.6.6.0-infineon-1.1/bin/../lib/gcc/tricore/4.6.4\libgcc.a(_mul_df.o)
                              c:/hightec/toolchains/tricore/v4.6.6.0-infineon-1.1/bin/../lib/gcc/tricore/4.6.4\libgcc.a(_fixunssfdi.o) (__muldf3)
c:/hightec/toolchains/tricore/v4.6.6.0-infineon-1.1/bin/../lib/gcc/tricore/4.6.4\libgcc.a(_si_to_df.o)
                              c:/hightec/toolchains/tricore/v4.6.6.0-infineon-1.1/bin/../lib/gcc/tricore/4.6.4\libgcc.a(_floatdisf.o) (__floatsidf)
c:/hightec/toolchains/tricore/v4.6.6.0-infineon-1.1/bin/../lib/gcc/tricore/4.6.4\libgcc.a(_make_df.o)
                              c:/hightec/toolchains/tricore/v4.6.6.0-infineon-1.1/bin/../lib/gcc/tricore/4.6.4\libgcc.a(_sf_to_df.o) (__make_dp)
c:/hightec/toolchains/tricore/v4.6.6.0-infineon-1.1/bin/../lib/gcc/tricore/4.6.4\libgcc.a(_df_to_sf.o)
                              c:/hightec/toolchains/tricore/v4.6.6.0-infineon-1.1/bin/../lib/gcc/tricore/4.6.4\libgcc.a(_floatdisf.o) (__truncdfsf2)
c:/hightec/toolchains/tricore/v4.6.6.0-infineon-1.1/bin/../lib/gcc/tricore/4.6.4\libgcc.a(_thenan_df.o)
                              c:/hightec/toolchains/tricore/v4.6.6.0-infineon-1.1/bin/../lib/gcc/tricore/4.6.4\libgcc.a(_addsub_df.o) (__thenan_df)
c:/hightec/toolchains/tricore/v4.6.6.0-infineon-1.1/bin/../lib/gcc/tricore/4.6.4\libgcc.a(_usi_to_df.o)
                              c:/hightec/toolchains/tricore/v4.6.6.0-infineon-1.1/bin/../lib/gcc/tricore/4.6.4\libgcc.a(_fixunssfdi.o) (__floatunsidf)
c:/hightec/toolchains/tricore/v4.6.6.0-infineon-1.1/bin/../lib/gcc/tricore/4.6.4\libgcc.a(divdi3.o)
                              2_Out/Gnuc/0_Src/1_SrvSw/SysSe/Time/Ifx_DateTime.o (__divdi3)
c:/hightec/toolchains/tricore/v4.6.6.0-infineon-1.1/bin/../lib/gcc/tricore/4.6.4\libgcc.a(udivdi3.o)
                              c:/hightec/toolchains/tricore/v4.6.6.0-infineon-1.1/bin/../lib/gcc/tricore/4.6.4\libgcc.a(divdi3.o) (__udivdi3)
c:/hightec/toolchains/tricore/v4.6.6.0-infineon-1.1/bin/../lib/gcc/tricore/4.6.4\libgcc.a(_ashldi3.o)
                              c:/hightec/toolchains/tricore/v4.6.6.0-infineon-1.1/bin/../lib/gcc/tricore/4.6.4\libgcc.a(_addsub_df.o) (__ashldi3)
c:/hightec/toolchains/tricore/v4.6.6.0-infineon-1.1/bin/../lib/gcc/tricore/4.6.4\libgcc.a(_lshrdi3.o)
                              c:/hightec/toolchains/tricore/v4.6.6.0-infineon-1.1/bin/../lib/gcc/tricore/4.6.4\libgcc.a(_addsub_df.o) (__lshrdi3)
c:/hightec/toolchains/tricore/v4.6.6.0-infineon-1.1/bin/../lib/gcc/tricore/4.6.4\libgcc.a(_fixunsdfsi.o)
                              c:/hightec/toolchains/tricore/v4.6.6.0-infineon-1.1/bin/../lib/gcc/tricore/4.6.4\libgcc.a(_fixunssfdi.o) (__fixunsdfsi)
c:/hightec/toolchains/tricore/v4.6.6.0-infineon-1.1/bin/../lib/gcc/tricore/4.6.4\libgcc.a(_unpack_sf.o)
                              c:/hightec/toolchains/tricore/v4.6.6.0-infineon-1.1/bin/../lib/gcc/tricore/4.6.4\libgcc.a(_sf_to_df.o) (__unpack_f)
c:/hightec/toolchains/tricore/v4.6.6.0-infineon-1.1/bin/../lib/gcc/tricore/4.6.4\libgcc.a(_make_sf.o)
                              c:/hightec/toolchains/tricore/v4.6.6.0-infineon-1.1/bin/../lib/gcc/tricore/4.6.4\libgcc.a(_df_to_sf.o) (__make_fp)
c:/hightec/toolchains/tricore/v4.6.6.0-infineon-1.1/bin/../lib/gcc/tricore/4.6.4\libgcc.a(_pack_df.o)
                              c:/hightec/toolchains/tricore/v4.6.6.0-infineon-1.1/bin/../lib/gcc/tricore/4.6.4\libgcc.a(_addsub_df.o) (__pack_d)
c:/hightec/toolchains/tricore/v4.6.6.0-infineon-1.1/bin/../lib/gcc/tricore/4.6.4\libgcc.a(_unpack_df.o)
                              c:/hightec/toolchains/tricore/v4.6.6.0-infineon-1.1/bin/../lib/gcc/tricore/4.6.4\libgcc.a(_addsub_df.o) (__unpack_d)
c:/hightec/toolchains/tricore/v4.6.6.0-infineon-1.1/bin/../lib/gcc/tricore/4.6.4\libgcc.a(_ge_df.o)
[...]
Memory Configuration

Name             Origin             Length             Used               Free               Attributes
dsram0_local     0xd0000000         0x0002e000         0x00000000         0x0002e000         w !xp
dsram0           0x70000000         0x0002e000         0x0002dc00         0x00000400         w !xp
psram0           0x70100000         0x00002000         0x00000000         0x00002000         w !xp
psram_local      0xc0000000         0x00002000         0x00000000         0x00002000         w !xp
pfls0            0x80000000         0x00200000         0x001f5fee         0x0000a012         xr !p
pfls0_nc         0xa0000000         0x00200000         0x00000000         0x00200000         xr !p
dfls0            0xaf000000         0x00100000         0x00000000         0x00100000         xr !p
lmuram           0x90000000         0x00008000         0x00000000         0x00008000         w !xp
lmuram_nc        0xb0000000         0x00008000         0x00000000         0x00008000         w !xp
edmem            0x9f000000         0x00080000         0x00000000         0x00080000         w !xp
edmem_nc         0xbf000000         0x00080000         0x00000000         0x00080000         w !xp
*default*        0x00000000         0xffffffff         0x0002eee9         0xfffd1116

List of aliases

dsram0          : default_ram

Memory region maps:

CORE     Local Region   Global Region
CPU0     0xd0000000     0x70000000


Linker script and memory map

                0x00000230                __TRICORE_DERIVATE_MEMORY_MAP__ = 0x230
                0x00002000                LCF_CSA0_SIZE = 0x2000
                0x00000800                LCF_USTACK0_SIZE = 0x800
                0x00000400                LCF_ISTACK0_SIZE = 0x400
                0x00001000                LCF_HEAP_SIZE = 0x1000
                0x70000000                LCF_DSPR0_START = 0x70000000
                0x0002e000                LCF_DSPR0_SIZE = 0x2e000
                0x0002bc00                LCF_CSA0_OFFSET = ((LCF_DSPR0_SIZE - 0x400) - LCF_CSA0_SIZE)
                0x0002b700                LCF_ISTACK0_OFFSET = ((LCF_CSA0_OFFSET - 0x100) - LCF_ISTACK0_SIZE)
                0x0002ae00                LCF_USTACK0_OFFSET = ((LCF_ISTACK0_OFFSET - 0x100) - LCF_USTACK0_SIZE)
                0x00029e00                LCF_HEAP0_OFFSET = (LCF_USTACK0_OFFSET - LCF_HEAP_SIZE)
                0x801f4000                LCF_INTVEC0_START = 0x801f4000
                0x80000100                LCF_TRAPVEC0_START = 0x80000100
                0x80000020                RESET = 0x80000020

.bmhd_0         memory region -> pfls0
                0x80000000       0x20
                0x80000000                BootModeHeader0 = .
 *(.bmhd_0)
 .bmhd_0        0x80000000       0x20 2_Out/Gnuc/0_Src/4_McHal/Tricore/Cpu/CStart/IfxCpu_CStart0.o
                0x80000000                BootModeHeader_0

.bmhd_1         memory region -> pfls0
                0x80020000       0x20
                0x80020000                BootModeIndex = .
 *(.bmhd_1)
 .bmhd_1        0x80020000       0x20 2_Out/Gnuc/0_Src/4_McHal/Tricore/Cpu/CStart/IfxCpu_CStart0.o
                0x80020000                BootModeHeader_1

.code_expand    memory region -> pfls0
                0x80020020        0x0
                0x80020020                . = ALIGN (0x4)
 *(.code_expand)
                0x80020020                . = ALIGN (0x4)

.startup        memory region -> pfls0
                0x80000020        0xc
                0x80000020                BootModeIndex = .
                0x80000020                . = ALIGN (0x4)
 *(.start)
 .start         0x80000020        0xc 2_Out/Gnuc/0_Src/4_McHal/Tricore/Cpu/CStart/IfxCpu_CStart0.o
                0x80000020                _START
                0x8000002c                . = ALIGN (0x4)

.interface_const memory region -> pfls0
                0x80000040       0xa0
                0x80000040                __IF_CONST = .
 *(.interface_const)
 .interface_const
                0x80000040       0xa0 2_Out/Gnuc/0_Src/0_AppSw/Config/Common/Ifx_InterfaceConst.o
                0x80000040                Ifx_interfaceConst
                0x800000e0                . = ALIGN (0x4)

.traptab_tc0    memory region -> pfls0
                0x80000100      0x100
                0x80000100                PROVIDE (__TRAPTAB_CPU0, .)
 *(.traptab_cpu0)
 .traptab_cpu0  0x80000100      0x100 2_Out/Gnuc/0_Src/4_McHal/Tricore/Cpu/Trap/IfxCpu_Trap.o
                0x80000100                IfxCpu_Trap_vectorTable0

.zrodata
 *(.zrodata)
 *(.zrodata.*)

.sdata2         memory region -> pfls0
                0x80000200      0x138
 *(.srodata)
 .srodata       0x80000200       0x7f 2_Out/Gnuc/0_Src/0_AppSw/Tricore/Main/AsclinShellInterface.o
 .srodata       0x8000027f       0x27 2_Out/Gnuc/0_Src/0_AppSw/Tricore/TftApp/menu.o
 .srodata       0x800002a6       0x25 2_Out/Gnuc/0_Src/1_SrvSw/SysSe/Bsp/Assert.o
 .srodata       0x800002cb       0x42 2_Out/Gnuc/0_Src/1_SrvSw/SysSe/Comm/Ifx_Shell.o
 .srodata       0x8000030d        0x6 2_Out/Gnuc/0_Src/4_McHal/Tricore/Asclin/Asc/IfxAsclin_Asc.o
 .srodata       0x80000313        0x6 2_Out/Gnuc/0_Src/4_McHal/Tricore/Gtm/Tom/PwmHl/IfxGtm_Tom_PwmHl.o
 .srodata       0x80000319        0x6 2_Out/Gnuc/0_Src/4_McHal/Tricore/Gtm/Tom/Timer/IfxGtm_Tom_Timer.o
 *(.srodata.*)
 *fill*         0x8000031f        0x1 00
 .srodata.conio_dialog_list
                0x80000320        0x8 2_Out/Gnuc/0_Src/0_AppSw/Tricore/TftApp/tft_app.o
                0x80000320                conio_dialog_list
 .srodata.IfxQspi_SpiMaster_dummyTxValue
                0x80000328        0x4 2_Out/Gnuc/0_Src/4_McHal/Tricore/Qspi/SpiMaster/IfxQspi_SpiMaster.o
 .srodata.IfxVadc_Adc_masterIndex
                0x8000032c        0x4 2_Out/Gnuc/0_Src/4_McHal/Tricore/Vadc/Adc/IfxVadc_Adc.o
 .srodata.IfxStm_cfg_indexMap
                0x80000330        0x8 2_Out/Gnuc/0_Src/4_McHal/Tricore/_Impl/IfxStm_cfg.o
                0x80000330                IfxStm_cfg_indexMap
                0x80008200                _SMALL_DATA2_ = SIZEOF (.sdata2)?(ADDR (.sdata2) + 0x8000):((ADDR (.sdata2) & 0xf0000000) + 0x8000)
                0x80008200                __A1_MEM = _SMALL_DATA2_

.rodata         memory region -> pfls0
                0x80000338     0x47d0
 *(.rodata)
 .rodata        0x80000338      0x864 2_Out/Gnuc/0_Src/0_AppSw/Tricore/Main/AsclinShellInterface.o
 .rodata        0x80000b9c       0x5f 2_Out/Gnuc/0_Src/0_AppSw/Tricore/Main/BasicGpt12Enc.o
 .rodata        0x80000bfb      0x13d 2_Out/Gnuc/0_Src/0_AppSw/Tricore/TftApp/display_io.o
 .rodata        0x80000d38       0xf3 2_Out/Gnuc/0_Src/0_AppSw/Tricore/TftApp/menu.o
 .rodata        0x80000e2b       0x13 2_Out/Gnuc/0_Src/0_AppSw/Tricore/TftApp/Perf_Meas.o
 .rodata        0x80000e3e       0x48 2_Out/Gnuc/0_Src/1_SrvSw/StdIf/IfxStdIf_DPipe.o
 .rodata        0x80000e86       0x5f 2_Out/Gnuc/0_Src/1_SrvSw/SysSe/Bsp/Assert.o
 .rodata        0x80000ee5       0x5b 2_Out/Gnuc/0_Src/1_SrvSw/SysSe/Comm/Ifx_Console.o
 .rodata        0x80000f40      0x15d 2_Out/Gnuc/0_Src/1_SrvSw/SysSe/Comm/Ifx_Shell.o
 .rodata        0x8000109d       0x31 2_Out/Gnuc/0_Src/4_McHal/Tricore/Asclin/Asc/IfxAsclin_Asc.o
 .rodata        0x800010ce       0x36 2_Out/Gnuc/0_Src/4_McHal/Tricore/Gpt12/Std/IfxGpt12.o
 .rodata        0x80001104       0x14 2_Out/Gnuc/0_Src/4_McHal/Tricore/Gtm/Std/IfxGtm_Tom.o
 .rodata        0x80001118       0x76 2_Out/Gnuc/0_Src/4_McHal/Tricore/Gtm/Tom/PwmHl/IfxGtm_Tom_PwmHl.o
 .rodata        0x8000118e       0x6b 2_Out/Gnuc/0_Src/4_McHal/Tricore/Gtm/Tom/Timer/IfxGtm_Tom_Timer.o
 .rodata        0x800011f9       0x5c 2_Out/Gnuc/0_Src/4_McHal/Tricore/Qspi/SpiMaster/IfxQspi_SpiMaster.o
 .rodata        0x80001255       0x7c 2_Out/Gnuc/0_Src/4_McHal/Tricore/_Lib/DataHandling/Ifx_Fifo.o
 *fill*         0x800012d1        0x3 00
 .rodata        0x800012d4       0x14 c:/hightec/toolchains/tricore/v4.6.6.0-infineon-1.1/bin/../lib/gcc/tricore/4.6.4\libgcc.a(_thenan_df.o)
                0x800012d4                __thenan_df
 .rodata        0x800012e8       0x54 c:/hightec/toolchains/tricore/v4.6.6.0-infineon-1.1/bin/../lib/gcc/tricore/4.6.4/../../../../tricore/lib\libc.a(lib_a-svfprintf.o)
 .rodata        0x8000133c       0x28 c:/hightec/toolchains/tricore/v4.6.6.0-infineon-1.1/bin/../lib/gcc/tricore/4.6.4/../../../../tricore/lib\libc.a(lib_a-svfscanf.o)
 .rodata        0x80001364      0x281 c:/hightec/toolchains/tricore/v4.6.6.0-infineon-1.1/bin/../lib/gcc/tricore/4.6.4/../../../../tricore/lib\libc.a(lib_a-ctype_.o)
                0x80001364                _ctype_
 .rodata        0x800015e5        0xf c:/hightec/toolchains/tricore/v4.6.6.0-infineon-1.1/bin/../lib/gcc/tricore/4.6.4/../../../../tricore/lib\libc.a(lib_a-dtoa.o)
 .rodata        0x800015f4        0x8 c:/hightec/toolchains/tricore/v4.6.6.0-infineon-1.1/bin/../lib/gcc/tricore/4.6.4/../../../../tricore/lib\libc.a(lib_a-impure.o)
                0x800015f4                _global_impure_ptr
 .rodata        0x800015fc       0x44 c:/hightec/toolchains/tricore/v4.6.6.0-infineon-1.1/bin/../lib/gcc/tricore/4.6.4/../../../../tricore/lib\libc.a(lib_a-locale.o)
 .rodata        0x80001640        0x1 c:/hightec/toolchains/tricore/v4.6.6.0-infineon-1.1/bin/../lib/gcc/tricore/4.6.4/../../../../tricore/lib\libc.a(lib_a-mbrtowc.o)
 *fill*         0x80001641        0x3 00
 .rodata        0x80001644      0x124 c:/hightec/toolchains/tricore/v4.6.6.0-infineon-1.1/bin/../lib/gcc/tricore/4.6.4/../../../../tricore/lib\libc.a(lib_a-mprec.o)
                0x80001644                __mprec_tinytens
                0x8000166c                __mprec_bigtens
                0x80001694                __mprec_tens
 .rodata        0x80001768       0x34 c:/hightec/toolchains/tricore/v4.6.6.0-infineon-1.1/bin/../lib/gcc/tricore/4.6.4/../../../../tricore/lib\libc.a(lib_a-strtod.o)
 .rodata        0x8000179c       0x42 c:/hightec/toolchains/tricore/v4.6.6.0-infineon-1.1/bin/../lib/gcc/tricore/4.6.4/../../../../tricore/lib\libc.a(lib_a-svfiprintf.o)
 .rodata        0x800017de       0x22 c:/hightec/toolchains/tricore/v4.6.6.0-infineon-1.1/bin/../lib/gcc/tricore/4.6.4/../../../../tricore/lib\libc.a(lib_a-svfiscanf.o)
 .rodata        0x80001800       0x19 c:/hightec/toolchains/tricore/v4.6.6.0-infineon-1.1/bin/../lib/gcc/tricore/4.6.4/../../../../tricore/lib\libc.a(lib_a-gdtoa-gethex.o)
 *(.rodata.*)
 *fill*         0x80001819        0x3 00
 .rodata.AppShell_commands
                0x8000181c      0x160 2_Out/Gnuc/0_Src/0_AppSw/Tricore/Main/AsclinShellInterface.o
                0x8000181c                AppShell_commands
 .rodata.__func__.10481
                0x8000197c       0x13 2_Out/Gnuc/0_Src/0_AppSw/Tricore/Main/BasicGpt12Enc.o
 *fill*         0x8000198f        0x1 00
 .rodata.adcChannelNum
                0x80001990       0x10 2_Out/Gnuc/0_Src/0_AppSw/Tricore/Main/BasicVadcBgScan.o
 .rodata.stdlist
                0x800019a0      0x180 2_Out/Gnuc/0_Src/0_AppSw/Tricore/TftApp/basebar.o
                0x800019a0                stdlist
 .rodata.infineon_logo
                0x80001b20      0x7aa 2_Out/Gnuc/0_Src/0_AppSw/Tricore/TftApp/DrawLogo.o
                0x80001b20                infineon_logo
 *fill*         0x800022ca        0x2 00
 .rodata.keyboardlist
                0x800022cc      0xf40 2_Out/Gnuc/0_Src/0_AppSw/Tricore/TftApp/keyboard.o
                0x800022cc                keyboardlist
 .rodata.keyboard_outline
                0x8000320c      0x208 2_Out/Gnuc/0_Src/0_AppSw/Tricore/TftApp/keyboard.o
                0x8000320c                keyboard_outline
 .rodata.menulist
                0x80003414      0x500 2_Out/Gnuc/0_Src/0_AppSw/Tricore/TftApp/menu.o
                0x80003414                menulist
 .rodata.conio_displaymode_list
                0x80003914       0xd8 2_Out/Gnuc/0_Src/0_AppSw/Tricore/TftApp/tft_app.o
                0x80003914                conio_displaymode_list
 .rodata.__func__.2544
                0x800039ec       0x15 2_Out/Gnuc/0_Src/1_SrvSw/StdIf/IfxStdIf_DPipe.o
 *fill*         0x80003a01        0x3 00
 .rodata.Assert_level
                0x80003a04       0x18 2_Out/Gnuc/0_Src/1_SrvSw/SysSe/Bsp/Assert.o
                0x80003a04                Assert_level
 .rodata.__func__.3213
                0x80003a1c       0x12 2_Out/Gnuc/0_Src/1_SrvSw/SysSe/Comm/Ifx_Console.o
 .rodata.__func__.3817
                0x80003a2e       0x12 2_Out/Gnuc/0_Src/1_SrvSw/SysSe/Comm/Ifx_Shell.o
 .rodata.__func__.3727
                0x80003a40       0x16 2_Out/Gnuc/0_Src/1_SrvSw/SysSe/Comm/Ifx_Shell.o
 .rodata.__func__.3946
                0x80003a56       0x1b 2_Out/Gnuc/0_Src/1_SrvSw/SysSe/Comm/Ifx_Shell.o
 *fill*         0x80003a71        0x3 00
 .rodata.qspi0_pins
                0x80003a74       0x1c 2_Out/Gnuc/0_Src/2_CDrv/Tricore/Qspi/Qspi0.o
                0x80003a74                qspi0_pins
 .rodata.__font_bitmap__8_12
                0x80003a90      0xc00 2_Out/Gnuc/0_Src/2_CDrv/Tricore/Tft/font_8_12.o
                0x80003a90                __font_bitmap__8_12
 .rodata.__func__.10160
                0x80004690       0x19 2_Out/Gnuc/0_Src/4_McHal/Tricore/Asclin/Asc/IfxAsclin_Asc.o
 .rodata.__func__.8324
                0x800046a9       0x18 2_Out/Gnuc/0_Src/4_McHal/Tricore/Gpt12/Std/IfxGpt12.o
 .rodata.__func__.8531
                0x800046c1       0x18 2_Out/Gnuc/0_Src/4_McHal/Tricore/Gpt12/Std/IfxGpt12.o
 .rodata.__func__.8588
                0x800046d9       0x18 2_Out/Gnuc/0_Src/4_McHal/Tricore/Gpt12/Std/IfxGpt12.o
 .rodata.__func__.8333
                0x800046f1       0x15 2_Out/Gnuc/0_Src/4_McHal/Tricore/Gpt12/Std/IfxGpt12.o
 .rodata.__func__.8536
                0x80004706       0x15 2_Out/Gnuc/0_Src/4_McHal/Tricore/Gpt12/Std/IfxGpt12.o
 .rodata.__func__.8593
                0x8000471b       0x15 2_Out/Gnuc/0_Src/4_McHal/Tricore/Gpt12/Std/IfxGpt12.o
 .rodata.__func__.7512
                0x80004730       0x16 2_Out/Gnuc/0_Src/4_McHal/Tricore/Gtm/Tom/PwmHl/IfxGtm_Tom_PwmHl.o
 *fill*         0x80004746        0x2 00
 .rodata.IfxGtm_Tom_PwmHl_modes
                0x80004748       0x28 2_Out/Gnuc/0_Src/4_McHal/Tricore/Gtm/Tom/PwmHl/IfxGtm_Tom_PwmHl.o
 .rodata.__func__.7382
                0x80004770       0x16 2_Out/Gnuc/0_Src/4_McHal/Tricore/Gtm/Tom/Timer/IfxGtm_Tom_Timer.o
 .rodata.__func__.7406
                0x80004786       0x1b 2_Out/Gnuc/0_Src/4_McHal/Tricore/Gtm/Tom/Timer/IfxGtm_Tom_Timer.o
 .rodata.__func__.7416
                0x800047a1       0x1c 2_Out/Gnuc/0_Src/4_McHal/Tricore/Gtm/Tom/Timer/IfxGtm_Tom_Timer.o
 .rodata.__func__.10571
                0x800047bd       0x1c 2_Out/Gnuc/0_Src/4_McHal/Tricore/Qspi/SpiMaster/IfxQspi_SpiMaster.o
 *fill*         0x800047d9        0x3 00
 .rodata.IfxScuCcu_defaultClockConfig
                0x800047dc       0x44 2_Out/Gnuc/0_Src/4_McHal/Tricore/Scu/Std/IfxScuCcu.o
                0x800047dc                IfxScuCcu_defaultClockConfig
 .rodata.IfxScuCcu_aDefaultPllConfigSteps
                0x80004820       0x24 2_Out/Gnuc/0_Src/4_McHal/Tricore/Scu/Std/IfxScuCcu.o
 .rodata.IfxVadc_cfg_srcAddresses
                0x80004844       0x30 2_Out/Gnuc/0_Src/4_McHal/Tricore/_Impl/IfxVadc_cfg.o
                0x80004844                IfxVadc_cfg_srcAddresses
 .rodata.__func__.8533
                0x80004874       0x10 2_Out/Gnuc/0_Src/4_McHal/Tricore/_Lib/DataHandling/Ifx_Fifo.o
 .rodata.__func__.8543
                0x80004884        0xe 2_Out/Gnuc/0_Src/4_McHal/Tricore/_Lib/DataHandling/Ifx_Fifo.o
 .rodata.__func__.8556
                0x80004892       0x16 2_Out/Gnuc/0_Src/4_McHal/Tricore/_Lib/DataHandling/Ifx_Fifo.o
 .rodata.__func__.8579
                0x800048a8        0xe 2_Out/Gnuc/0_Src/4_McHal/Tricore/_Lib/DataHandling/Ifx_Fifo.o
 .rodata.__func__.8601
                0x800048b6       0x17 2_Out/Gnuc/0_Src/4_McHal/Tricore/_Lib/DataHandling/Ifx_Fifo.o
 .rodata.__func__.8623
                0x800048cd        0xf 2_Out/Gnuc/0_Src/4_McHal/Tricore/_Lib/DataHandling/Ifx_Fifo.o
 .rodata.IfxAsclin0_TX_P14_0_OUT
                0x800048dc       0x10 2_Out/Gnuc/0_Src/4_McHal/Tricore/_PinMap/IfxAsclin_PinMap.o
                0x800048dc                IfxAsclin0_TX_P14_0_OUT
 .rodata.IfxAsclin0_RXA_P14_1_IN
                0x800048ec       0x10 2_Out/Gnuc/0_Src/4_McHal/Tricore/_PinMap/IfxAsclin_PinMap.o
                0x800048ec                IfxAsclin0_RXA_P14_1_IN
 .rodata.IfxGpt120_T4INA_P02_8_IN
                0x800048fc       0x14 2_Out/Gnuc/0_Src/4_McHal/Tricore/_PinMap/IfxGpt12_PinMap.o
                0x800048fc                IfxGpt120_T4INA_P02_8_IN
 .rodata.IfxGpt120_T3INA_P02_6_IN
                0x80004910       0x14 2_Out/Gnuc/0_Src/4_McHal/Tricore/_PinMap/IfxGpt12_PinMap.o
                0x80004910                IfxGpt120_T3INA_P02_6_IN
 .rodata.IfxGpt120_T3EUDA_P02_7_IN
                0x80004924       0x14 2_Out/Gnuc/0_Src/4_McHal/Tricore/_PinMap/IfxGpt12_PinMap.o
                0x80004924                IfxGpt120_T3EUDA_P02_7_IN
 .rodata.IfxGtm_TOM1_1_TOUT69_P20_13_OUT
                0x80004938       0x1c 2_Out/Gnuc/0_Src/4_McHal/Tricore/_PinMap/IfxGtm_PinMap.o
                0x80004938                IfxGtm_TOM1_1_TOUT69_P20_13_OUT
 .rodata.IfxGtm_TOM0_9_TOUT1_P02_1_OUT
                0x80004954       0x1c 2_Out/Gnuc/0_Src/4_McHal/Tricore/_PinMap/IfxGtm_PinMap.o
                0x80004954                IfxGtm_TOM0_9_TOUT1_P02_1_OUT
 .rodata.IfxGtm_TOM0_7_TOUT32_P33_10_OUT
                0x80004970       0x1c 2_Out/Gnuc/0_Src/4_McHal/Tricore/_PinMap/IfxGtm_PinMap.o
                0x80004970                IfxGtm_TOM0_7_TOUT32_P33_10_OUT
 .rodata.IfxGtm_TOM0_4_TOUT22_P33_0_OUT
                0x8000498c       0x1c 2_Out/Gnuc/0_Src/4_McHal/Tricore/_PinMap/IfxGtm_PinMap.o
                0x8000498c                IfxGtm_TOM0_4_TOUT22_P33_0_OUT
 .rodata.IfxGtm_TOM0_12_TOUT14_P00_5_OUT
                0x800049a8       0x1c 2_Out/Gnuc/0_Src/4_McHal/Tricore/_PinMap/IfxGtm_PinMap.o
                0x800049a8                IfxGtm_TOM0_12_TOUT14_P00_5_OUT
 .rodata.IfxGtm_TOM0_11_TOUT3_P02_3_OUT
                0x800049c4       0x1c 2_Out/Gnuc/0_Src/4_McHal/Tricore/_PinMap/IfxGtm_PinMap.o
                0x800049c4                IfxGtm_TOM0_11_TOUT3_P02_3_OUT
 .rodata.IfxGtm_TOM0_10_TOUT12_P00_3_OUT
                0x800049e0       0x1c 2_Out/Gnuc/0_Src/4_McHal/Tricore/_PinMap/IfxGtm_PinMap.o
                0x800049e0                IfxGtm_TOM0_10_TOUT12_P00_3_OUT
 .rodata.IfxGtm_TOM0_0_TOUT76_P15_5_OUT
                0x800049fc       0x1c 2_Out/Gnuc/0_Src/4_McHal/Tricore/_PinMap/IfxGtm_PinMap.o
                0x800049fc                IfxGtm_TOM0_0_TOUT76_P15_5_OUT
 .rodata.IfxQspi0_SLSO9_P20_3_OUT
                0x80004a18       0x14 2_Out/Gnuc/0_Src/4_McHal/Tricore/_PinMap/IfxQspi_PinMap.o
                0x80004a18                IfxQspi0_SLSO9_P20_3_OUT
 .rodata.IfxQspi0_SLSO8_P20_6_OUT
                0x80004a2c       0x14 2_Out/Gnuc/0_Src/4_McHal/Tricore/_PinMap/IfxQspi_PinMap.o
                0x80004a2c                IfxQspi0_SLSO8_P20_6_OUT
 .rodata.IfxQspi0_SCLK_P20_11_OUT
                0x80004a40       0x10 2_Out/Gnuc/0_Src/4_McHal/Tricore/_PinMap/IfxQspi_PinMap.o
                0x80004a40                IfxQspi0_SCLK_P20_11_OUT
 .rodata.IfxQspi0_MTSR_P20_14_OUT
                0x80004a50       0x10 2_Out/Gnuc/0_Src/4_McHal/Tricore/_PinMap/IfxQspi_PinMap.o
                0x80004a50                IfxQspi0_MTSR_P20_14_OUT
 .rodata.IfxQspi0_MRSTA_P20_12_IN
                0x80004a60       0x10 2_Out/Gnuc/0_Src/4_McHal/Tricore/_PinMap/IfxQspi_PinMap.o
                0x80004a60                IfxQspi0_MRSTA_P20_12_IN
 *(.gnu.linkonce.r.*)
                0x80004a70                . = ALIGN (0x4)
                0x80004a70                PROVIDE (__clear_table, .)
                0x80004a70        0x4 LONG 0x70000000 (0x0 + ADDR (.CPU0.zbss))
                0x80004a74        0x4 LONG 0x0 SIZEOF (.CPU0.zbss)
                0x80004a78        0x4 LONG 0x70005af8 (0x0 + ADDR (.CPU0.bss))
                0x80004a7c        0x4 LONG 0x17a40 SIZEOF (.CPU0.bss)
                0x80004a80        0x4 LONG 0x70000000 (0x0 + ADDR (.zbss))
                0x80004a84        0x4 LONG 0x0 SIZEOF (.zbss)
                0x80004a88        0x4 LONG 0x70000000 (0x0 + ADDR (.sbss))
                0x80004a8c        0x4 LONG 0x0 SIZEOF (.sbss)
                0x80004a90        0x4 LONG 0x700009d8 (0x0 + ADDR (.bss))
                0x80004a94        0x4 LONG 0x3ee0 SIZEOF (.bss)
                0x80004a98        0x4 LONG 0x90000000 (0x0 + ADDR (.sbss4))
                0x80004a9c        0x4 LONG 0x0 SIZEOF (.sbss4)
                0x80004aa0        0x4 LONG 0xffffffff
                0x80004aa4        0x4 LONG 0xffffffff
                0x80004aa8                PROVIDE (__copy_table, .)
                0x80004aa8        0x4 LONG 0x80019c10 LOADADDR (.CPU0.zdata)
                0x80004aac        0x4 LONG 0x70000000 (0x0 + ADDR (.CPU0.zdata))
                0x80004ab0        0x4 LONG 0x0 SIZEOF (.CPU0.zdata)
                0x80004ab4        0x4 LONG 0x8001a5e8 LOADADDR (.CPU0.data)
                0x80004ab8        0x4 LONG 0x700058b8 (0x0 + ADDR (.CPU0.data))
                0x80004abc        0x4 LONG 0x240 SIZEOF (.CPU0.data)
                0x80004ac0        0x4 LONG 0x80019c10 LOADADDR (.zdata)
                0x80004ac4        0x4 LONG 0x70000000 (0x0 + ADDR (.zdata))
                0x80004ac8        0x4 LONG 0x0 SIZEOF (.zdata)
                0x80004acc        0x4 LONG 0x80019c10 LOADADDR (.sdata)
                0x80004ad0        0x4 LONG 0x70000000 (0x0 + ADDR (.sdata))
                0x80004ad4        0x4 LONG 0x0 SIZEOF (.sdata)
                0x80004ad8        0x4 LONG 0x80019c10 LOADADDR (.data)
                0x80004adc        0x4 LONG 0x70000000 (0x0 + ADDR (.data))
                0x80004ae0        0x4 LONG 0x9d8 SIZEOF (.data)
                0x80004ae4        0x4 LONG 0x8001a828 LOADADDR (.sdata4)
                0x80004ae8        0x4 LONG 0x90000000 (0x0 + ADDR (.sdata4))
                0x80004aec        0x4 LONG 0x0 SIZEOF (.sdata4)
                0x80004af0        0x4 LONG 0x8001a828 LOADADDR (.CPU0.psram_text)
                0x80004af4        0x4 LONG 0x70100000 (0x0 + ADDR (.CPU0.psram_text))
                0x80004af8        0x4 LONG 0x0 SIZEOF (.CPU0.psram_text)
                0x80004afc        0x4 LONG 0xffffffff
                0x80004b00        0x4 LONG 0xffffffff
                0x80004b04        0x4 LONG 0xffffffff
                0x80004b08                . = ALIGN (0x8)

.text           memory region -> pfls0
                0x80004b08    0x150f4
 *(.text)
 .text          0x80004b08       0x1a c:/hightec/toolchains/tricore/v4.6.6.0-infineon-1.1/bin/../lib/gcc/tricore/4.6.4/../../../../tricore/lib\libc.a(lib_a-malloc.o)
                0x80004b08                malloc
                0x80004b14                free
 .text          0x80004b22      0x508 c:/hightec/toolchains/tricore/v4.6.6.0-infineon-1.1/bin/../lib/gcc/tricore/4.6.4/../../../../tricore/lib\libc.a(lib_a-mallocr.o)
                0x80004b22                _malloc_r
 .text          0x8000502a        0x4 c:/hightec/toolchains/tricore/v4.6.6.0-infineon-1.1/bin/../lib/gcc/tricore/4.6.4/../../../../tricore/lib\libc.a(lib_a-mlock.o)
                0x8000502a                __malloc_lock
                0x8000502c                __malloc_unlock
 .text          0x8000502e       0x1e c:/hightec/toolchains/tricore/v4.6.6.0-infineon-1.1/bin/../lib/gcc/tricore/4.6.4/../../../../tricore/lib\libc.a(lib_a-sbrkr.o)
                0x8000502e                _sbrk_r
 .text          0x8000504c       0x62 c:/hightec/toolchains/tricore/v4.6.6.0-infineon-1.1/bin/../lib/gcc/tricore/4.6.4/../../../../tricore/lib\libc.a(lib_a-sprintf.o)
                0x8000504c                _sprintf_r
                0x80005078                sprintf
 .text          0x800050ae       0x86 c:/hightec/toolchains/tricore/v4.6.6.0-infineon-1.1/bin/../lib/gcc/tricore/4.6.4/../../../../tricore/lib\libc.a(lib_a-sscanf.o)
                0x800050ae                sscanf
                0x800050f2                _sscanf_r
 .text          0x80005134       0x8c c:/hightec/toolchains/tricore/v4.6.6.0-infineon-1.1/bin/../lib/gcc/tricore/4.6.4/../../../../tricore/lib\libc.a(lib_a-stdio.o)
                0x80005134                __sread
                0x8000515a                __seofread
                0x8000515e                __swrite
                0x8000518e                __sseek
                0x800051b8                __sclose
 .text          0x800051c0       0x1a c:/hightec/toolchains/tricore/v4.6.6.0-infineon-1.1/bin/../lib/gcc/tricore/4.6.4/../../../../tricore/lib\libc.a(lib_a-strcmp.o)
                0x800051c0                strcmp
 .text          0x800051da       0x16 c:/hightec/toolchains/tricore/v4.6.6.0-infineon-1.1/bin/../lib/gcc/tricore/4.6.4/../../../../tricore/lib\libc.a(lib_a-strlen.o)
                0x800051da                strlen
 .text          0x800051f0       0x2a c:/hightec/toolchains/tricore/v4.6.6.0-infineon-1.1/bin/../lib/gcc/tricore/4.6.4/../../../../tricore/lib\libc.a(lib_a-strncpy.o)
                0x800051f0                strncpy
 *fill*         0x8000521a        0x2 00
 .text          0x8000521c     0x11c4 c:/hightec/toolchains/tricore/v4.6.6.0-infineon-1.1/bin/../lib/gcc/tricore/4.6.4/../../../../tricore/lib\libc.a(lib_a-svfprintf.o)
                0x8000521c                _svfprintf_r
 .text          0x800063e0      0xdb4 c:/hightec/toolchains/tricore/v4.6.6.0-infineon-1.1/bin/../lib/gcc/tricore/4.6.4/../../../../tricore/lib\libc.a(lib_a-svfscanf.o)
                0x800063e0                __ssvfscanf_r
 .text          0x80007194       0x3e c:/hightec/toolchains/tricore/v4.6.6.0-infineon-1.1/bin/../lib/gcc/tricore/4.6.4/../../../../tricore/lib\libc.a(lib_a-vsprintf.o)
                0x80007194                _vsprintf_r
                0x800071bc                vsprintf
 .text          0x800071d2       0x20 c:/hightec/toolchains/tricore/v4.6.6.0-infineon-1.1/bin/../lib/gcc/tricore/4.6.4/../../../../tricore/lib\libc.a(lib_a-writer.o)
                0x800071d2                _write_r
 .text          0x800071f2       0x1e c:/hightec/toolchains/tricore/v4.6.6.0-infineon-1.1/bin/../lib/gcc/tricore/4.6.4/../../../../tricore/lib\libc.a(lib_a-closer.o)
                0x800071f2                _close_r
 .text          0x80007210      0xde8 c:/hightec/toolchains/tricore/v4.6.6.0-infineon-1.1/bin/../lib/gcc/tricore/4.6.4/../../../../tricore/lib\libc.a(lib_a-dtoa.o)
                0x80007332                _dtoa_r
 .text          0x80007ff8      0x1a6 c:/hightec/toolchains/tricore/v4.6.6.0-infineon-1.1/bin/../lib/gcc/tricore/4.6.4/../../../../tricore/lib\libc.a(lib_a-findfp.o)
                0x80008000                _cleanup_r
                0x80008062                __sfmoreglue
                0x8000808e                _cleanup
                0x8000809a                __sinit
                0x800080e6                __sfp
                0x8000816e                __sfp_lock_acquire
                0x80008170                __sfp_lock_release
                0x80008172                __sinit_lock_acquire
                0x80008174                __sinit_lock_release
                0x80008176                __fp_lock_all
                0x8000818a                __fp_unlock_all
 .text          0x8000819e      0x28c c:/hightec/toolchains/tricore/v4.6.6.0-infineon-1.1/bin/../lib/gcc/tricore/4.6.4/../../../../tricore/lib\libc.a(lib_a-freer.o)
                0x8000819e                _malloc_trim_r
                0x80008256                _free_r
 .text          0x8000842a       0x8e c:/hightec/toolchains/tricore/v4.6.6.0-infineon-1.1/bin/../lib/gcc/tricore/4.6.4/../../../../tricore/lib\libc.a(lib_a-fwalk.o)
                0x8000842a                _fwalk
                0x80008470                _fwalk_reent
 .text          0x800084b8       0x1c c:/hightec/toolchains/tricore/v4.6.6.0-infineon-1.1/bin/../lib/gcc/tricore/4.6.4/../../../../tricore/lib\libc.a(lib_a-iswspace.o)
                0x800084b8                iswspace
 .text          0x800084d4       0x78 c:/hightec/toolchains/tricore/v4.6.6.0-infineon-1.1/bin/../lib/gcc/tricore/4.6.4/../../../../tricore/lib\libc.a(lib_a-locale.o)
                0x800084d4                _setlocale_r
                0x80008512                __locale_charset
                0x8000851c                __locale_msgcharset
                0x80008526                __locale_cjk_lang
                0x8000852a                _localeconv_r
                0x80008534                setlocale
                0x80008542                localeconv
 .text          0x8000854c       0x1e c:/hightec/toolchains/tricore/v4.6.6.0-infineon-1.1/bin/../lib/gcc/tricore/4.6.4/../../../../tricore/lib\libc.a(lib_a-lseekr.o)
                0x8000854c                _lseek_r
 .text          0x8000856a       0x76 c:/hightec/toolchains/tricore/v4.6.6.0-infineon-1.1/bin/../lib/gcc/tricore/4.6.4/../../../../tricore/lib\libc.a(lib_a-mbrtowc.o)
                0x8000856a                _mbrtowc_r
                0x800085ca                mbrtowc
 .text          0x800085e0       0x4a c:/hightec/toolchains/tricore/v4.6.6.0-infineon-1.1/bin/../lib/gcc/tricore/4.6.4/../../../../tricore/lib\libc.a(lib_a-mbtowc_r.o)
                0x800085e0                __ascii_mbtowc
                0x80008600                _mbtowc_r
 .text          0x8000862a       0x16 c:/hightec/toolchains/tricore/v4.6.6.0-infineon-1.1/bin/../lib/gcc/tricore/4.6.4/../../../../tricore/lib\libc.a(lib_a-memchr.o)
                0x8000862a                memchr
 .text          0x80008640       0x14 c:/hightec/toolchains/tricore/v4.6.6.0-infineon-1.1/bin/../lib/gcc/tricore/4.6.4/../../../../tricore/lib\libc.a(lib_a-memcpy.o)
                0x80008640                memcpy
 .text          0x80008654       0x10 c:/hightec/toolchains/tricore/v4.6.6.0-infineon-1.1/bin/../lib/gcc/tricore/4.6.4/../../../../tricore/lib\libc.a(lib_a-memset.o)
                0x80008654                memset
 .text          0x80008664      0x83a c:/hightec/toolchains/tricore/v4.6.6.0-infineon-1.1/bin/../lib/gcc/tricore/4.6.4/../../../../tricore/lib\libc.a(lib_a-mprec.o)
                0x80008664                _Balloc
                0x800086b8                _Bfree
                0x800086ca                __multadd
                0x80008748                __s2b
                0x800087e4                __hi0bits
                0x80008826                __lo0bits
                0x8000888c                __i2b
                0x8000889c                __multiply
                0x800089c2                __pow5mult
                0x80008a42                __lshift
                0x80008aec                __mcmp
                0x80008b2a                __mdiff
                0x80008bf2                __ulp
                0x80008c36                __b2d
                0x80008cf2                __d2b
                0x80008d98                __ratio
                0x80008de2                _mprec_log10
                0x80008e14                __copybits
                0x80008e4e                __any_on
 .text          0x80008e9e       0x20 c:/hightec/toolchains/tricore/v4.6.6.0-infineon-1.1/bin/../lib/gcc/tricore/4.6.4/../../../../tricore/lib\libc.a(lib_a-readr.o)
                0x80008e9e                _read_r
 .text          0x80008ebe       0x82 c:/hightec/toolchains/tricore/v4.6.6.0-infineon-1.1/bin/../lib/gcc/tricore/4.6.4/../../../../tricore/lib\libc.a(lib_a-sccl.o)
                0x80008ebe                __sccl
 .text          0x80008f40        0x6 c:/hightec/toolchains/tricore/v4.6.6.0-infineon-1.1/bin/../lib/gcc/tricore/4.6.4/../../../../tricore/lib\libc.a(lib_a-sf_nan.o)
                0x80008f40                nanf
 .text          0x80008f46       0x62 c:/hightec/toolchains/tricore/v4.6.6.0-infineon-1.1/bin/../lib/gcc/tricore/4.6.4/../../../../tricore/lib\libc.a(lib_a-s_fpclassify.o)
                0x80008f46                __fpclassifyd
 .text          0x80008fa8      0xc8c c:/hightec/toolchains/tricore/v4.6.6.0-infineon-1.1/bin/../lib/gcc/tricore/4.6.4/../../../../tricore/lib\libc.a(lib_a-strtod.o)
                0x80008fd4                _strtod_r
                0x80009bf4                strtod
                0x80009c06                strtof
 .text          0x80009c34      0x166 c:/hightec/toolchains/tricore/v4.6.6.0-infineon-1.1/bin/../lib/gcc/tricore/4.6.4/../../../../tricore/lib\libc.a(lib_a-strtoll_r.o)
                0x80009c34                _strtoll_r
 .text          0x80009d9a      0x12e c:/hightec/toolchains/tricore/v4.6.6.0-infineon-1.1/bin/../lib/gcc/tricore/4.6.4/../../../../tricore/lib\libc.a(lib_a-strtol.o)
                0x80009d9a                _strtol_r
                0x80009eb6                strtol
 .text          0x80009ec8      0x144 c:/hightec/toolchains/tricore/v4.6.6.0-infineon-1.1/bin/../lib/gcc/tricore/4.6.4/../../../../tricore/lib\libc.a(lib_a-strtoull_r.o)
                0x80009ec8                _strtoull_r
 .text          0x8000a00c      0x11a c:/hightec/toolchains/tricore/v4.6.6.0-infineon-1.1/bin/../lib/gcc/tricore/4.6.4/../../../../tricore/lib\libc.a(lib_a-strtoul.o)
                0x8000a00c                _strtoul_r
                0x8000a114                strtoul
 .text          0x8000a126      0xa1e c:/hightec/toolchains/tricore/v4.6.6.0-infineon-1.1/bin/../lib/gcc/tricore/4.6.4/../../../../tricore/lib\libc.a(lib_a-svfiprintf.o)
                0x8000a126                __ssprint_r
                0x8000a20c                _svfiprintf_r
 .text          0x8000ab44      0x980 c:/hightec/toolchains/tricore/v4.6.6.0-infineon-1.1/bin/../lib/gcc/tricore/4.6.4/../../../../tricore/lib\libc.a(lib_a-svfiscanf.o)
                0x8000ab44                _sungetc_r
                0x8000abca                __ssrefill_r
                0x8000ac04                _sfread_r
                0x8000ac78                __ssvfiscanf_r
 .text          0x8000b4c4      0x14e c:/hightec/toolchains/tricore/v4.6.6.0-infineon-1.1/bin/../lib/gcc/tricore/4.6.4/../../../../tricore/lib\libc.a(lib_a-ungetc.o)
                0x8000b4c4                __submore
                0x8000b536                _ungetc_r
                0x8000b604                ungetc
 .text          0x8000b612       0x5e c:/hightec/toolchains/tricore/v4.6.6.0-infineon-1.1/bin/../lib/gcc/tricore/4.6.4/../../../../tricore/lib\libc.a(lib_a-callocr.o)
                0x8000b612                _calloc_r
 .text          0x8000b670       0x8e c:/hightec/toolchains/tricore/v4.6.6.0-infineon-1.1/bin/../lib/gcc/tricore/4.6.4/../../../../tricore/lib\libc.a(lib_a-fclose.o)
                0x8000b670                _fclose_r
                0x8000b6f0                fclose
 .text          0x8000b6fe      0x152 c:/hightec/toolchains/tricore/v4.6.6.0-infineon-1.1/bin/../lib/gcc/tricore/4.6.4/../../../../tricore/lib\libc.a(lib_a-fflush.o)
                0x8000b6fe                _fflush_r
                0x8000b82c                fflush
 .text          0x8000b850      0x55e c:/hightec/toolchains/tricore/v4.6.6.0-infineon-1.1/bin/../lib/gcc/tricore/4.6.4/../../../../tricore/lib\libc.a(lib_a-gdtoa-gethex.o)
                0x8000b8ea                __hexdig_init
                0x8000b914                __gethex
 .text          0x8000bdae      0x17c c:/hightec/toolchains/tricore/v4.6.6.0-infineon-1.1/bin/../lib/gcc/tricore/4.6.4/../../../../tricore/lib\libc.a(lib_a-gdtoa-hexnan.o)
                0x8000bddc                __hexnan
 .text          0x8000bf2a       0x4e c:/hightec/toolchains/tricore/v4.6.6.0-infineon-1.1/bin/../lib/gcc/tricore/4.6.4/../../../../tricore/lib\libc.a(lib_a-memmove.o)
                0x8000bf2a                memmove
 .text          0x8000bf78      0x358 c:/hightec/toolchains/tricore/v4.6.6.0-infineon-1.1/bin/../lib/gcc/tricore/4.6.4/../../../../tricore/lib\libc.a(lib_a-reallocr.o)
                0x8000bf78                _realloc_r
 .text          0x8000c2d0       0x2e c:/hightec/toolchains/tricore/v4.6.6.0-infineon-1.1/bin/../lib/gcc/tricore/4.6.4/../../../../tricore/lib\libc.a(lib_a-strncmp.o)
                0x8000c2d0                strncmp
 .text          0x8000c2fe        0x8 c:/hightec/toolchains/tricore/v4.6.6.0-infineon-1.1/bin/../lib/gcc/tricore/4.6.4/../../../../tricore/lib\libos.a(vio_close.o)
                0x8000c2fe                close
 .text          0x8000c306        0x8 c:/hightec/toolchains/tricore/v4.6.6.0-infineon-1.1/bin/../lib/gcc/tricore/4.6.4/../../../../tricore/lib\libos.a(vio_lseek.o)
                0x8000c306                lseek
 .text          0x8000c30e        0x8 c:/hightec/toolchains/tricore/v4.6.6.0-infineon-1.1/bin/../lib/gcc/tricore/4.6.4/../../../../tricore/lib\libos.a(vio_read.o)
                0x8000c30e                read
 .text          0x8000c316       0x10 c:/hightec/toolchains/tricore/v4.6.6.0-infineon-1.1/bin/../lib/gcc/tricore/4.6.4/../../../../tricore/lib\libos.a(vio_virtio.o)
                0x8000c316                __virtio_dummy_hnd
                0x8000c31a                ___virtio
                0x8000c31a                ___virtio_hnd
 .text          0x8000c326        0x8 c:/hightec/toolchains/tricore/v4.6.6.0-infineon-1.1/bin/../lib/gcc/tricore/4.6.4/../../../../tricore/lib\libos.a(vio_write.o)
                0x8000c326                write
 .text          0x8000c32e       0x42 c:/hightec/toolchains/tricore/v4.6.6.0-infineon-1.1/bin/../lib/gcc/tricore/4.6.4/../../../../tricore/lib\libos.a(libos_sbrk.o)
                0x8000c32e                sbrk
 .text          0x8000c370       0x4c c:/hightec/toolchains/tricore/v4.6.6.0-infineon-1.1/bin/../lib/gcc/tricore/4.6.4/../../../../tricore/lib\libos.a(libos.o)
                0x8000c370                __errno
                0x8000c37a                getpid
                0x8000c37e                isatty
                0x8000c384                fork
                0x8000c388                wait
                0x8000c38c                kill
                0x8000c390                link
                0x8000c394                stat
                0x8000c398                fstat
                0x8000c3b8                gettimeofday
 .text          0x8000c3bc       0x12 c:/hightec/toolchains/tricore/v4.6.6.0-infineon-1.1/bin/../lib/gcc/tricore/4.6.4/../../../../tricore/lib\libos.a(libos_abort.o)
                0x8000c3bc                abort
 .text          0x8000c3ce       0x10 c:/hightec/toolchains/tricore/v4.6.6.0-infineon-1.1/bin/../lib/gcc/tricore/4.6.4/../../../../tricore/lib\libos.a(libos_exit.o)
                0x8000c3ce                _exit
 *(.text.*)
 .text.appTaskfu_init
                0x8000c3de       0x22 2_Out/Gnuc/0_Src/0_AppSw/Tricore/Main/AppTaskFu.o
                0x8000c3de                appTaskfu_init
 .text.appTaskfu_1ms
                0x8000c400       0x1e 2_Out/Gnuc/0_Src/0_AppSw/Tricore/Main/AppTaskFu.o
                0x8000c400                appTaskfu_1ms
 .text.appTaskfu_10ms
                0x8000c41e       0x40 2_Out/Gnuc/0_Src/0_AppSw/Tricore/Main/AppTaskFu.o
                0x8000c41e                appTaskfu_10ms
 .text.appTaskfu_100ms
                0x8000c45e       0x22 2_Out/Gnuc/0_Src/0_AppSw/Tricore/Main/AppTaskFu.o
                0x8000c45e                appTaskfu_100ms
 .text.appTaskfu_1000ms
                0x8000c480       0x1e 2_Out/Gnuc/0_Src/0_AppSw/Tricore/Main/AppTaskFu.o
                0x8000c480                appTaskfu_1000ms
 .text.appTaskfu_idle
                0x8000c49e        0x8 2_Out/Gnuc/0_Src/0_AppSw/Tricore/Main/AppTaskFu.o
                0x8000c49e                appTaskfu_idle
 .text.appIsrCb_1ms
                0x8000c4a6        0x4 2_Out/Gnuc/0_Src/0_AppSw/Tricore/Main/AppTaskFu.o
                0x8000c4a6                appIsrCb_1ms
 .text.AppShell_port00_1
                0x8000c4aa       0x4a 2_Out/Gnuc/0_Src/0_AppSw/Tricore/Main/AsclinShellInterface.o
                0x8000c4aa                AppShell_port00_1
 .text.AppShell_port00_0
                0x8000c4f4       0x4a 2_Out/Gnuc/0_Src/0_AppSw/Tricore/Main/AsclinShellInterface.o
                0x8000c4f4                AppShell_port00_0
 .text.AppShell_enc
                0x8000c53e       0x62 2_Out/Gnuc/0_Src/0_AppSw/Tricore/Main/AsclinShellInterface.o
                0x8000c53e                AppShell_enc
 .text.AppShell_vadcbg1
                0x8000c5a0       0xa8 2_Out/Gnuc/0_Src/0_AppSw/Tricore/Main/AsclinShellInterface.o
                0x8000c5a0                AppShell_vadcbg1
 .text.AppShell_linescan1
                0x8000c648       0x72 2_Out/Gnuc/0_Src/0_AppSw/Tricore/Main/AsclinShellInterface.o
                0x8000c648                AppShell_linescan1
 .text.AppShell_linescan0
                0x8000c6ba       0x6c 2_Out/Gnuc/0_Src/0_AppSw/Tricore/Main/AsclinShellInterface.o
                0x8000c6ba                AppShell_linescan0
 .text.AppShell_monlinescan
                0x8000c726       0x70 2_Out/Gnuc/0_Src/0_AppSw/Tricore/Main/AsclinShellInterface.o
                0x8000c726                AppShell_monlinescan
 .text.AppShell_led110
                0x8000c796       0x62 2_Out/Gnuc/0_Src/0_AppSw/Tricore/Main/AsclinShellInterface.o
                0x8000c796                AppShell_led110
 .text.AppShell_led109
                0x8000c7f8       0x62 2_Out/Gnuc/0_Src/0_AppSw/Tricore/Main/AsclinShellInterface.o
                0x8000c7f8                AppShell_led109
 .text.AppShell_led108
                0x8000c85a       0x60 2_Out/Gnuc/0_Src/0_AppSw/Tricore/Main/AsclinShellInterface.o
                0x8000c85a                AppShell_led108
 .text.AppShell_beepervol
                0x8000c8ba       0x6a 2_Out/Gnuc/0_Src/0_AppSw/Tricore/Main/AsclinShellInterface.o
                0x8000c8ba                AppShell_beepervol
 .text.AppShell_beeperfreq
                0x8000c924       0x6a 2_Out/Gnuc/0_Src/0_AppSw/Tricore/Main/AsclinShellInterface.o
                0x8000c924                AppShell_beeperfreq
 .text.AppShell_beeperon
                0x8000c98e       0x60 2_Out/Gnuc/0_Src/0_AppSw/Tricore/Main/AsclinShellInterface.o
                0x8000c98e                AppShell_beeperon
 .text.AppShell_srv
                0x8000c9ee       0x66 2_Out/Gnuc/0_Src/0_AppSw/Tricore/Main/AsclinShellInterface.o
                0x8000c9ee                AppShell_srv
 .text.AppShell_motor1en
                0x8000ca54       0x62 2_Out/Gnuc/0_Src/0_AppSw/Tricore/Main/AsclinShellInterface.o
                0x8000ca54                AppShell_motor1en
 .text.AppShell_motor0en
                0x8000cab6       0x60 2_Out/Gnuc/0_Src/0_AppSw/Tricore/Main/AsclinShellInterface.o
                0x8000cab6                AppShell_motor0en
 .text.AppShell_motor1vol
                0x8000cb16       0x6a 2_Out/Gnuc/0_Src/0_AppSw/Tricore/Main/AsclinShellInterface.o
                0x8000cb16                AppShell_motor1vol
 .text.AppShell_motor0vol
                0x8000cb80       0x66 2_Out/Gnuc/0_Src/0_AppSw/Tricore/Main/AsclinShellInterface.o
                0x8000cb80                AppShell_motor0vol
 .text.AppShell_status
                0x8000cbe6       0xa2 2_Out/Gnuc/0_Src/0_AppSw/Tricore/Main/AsclinShellInterface.o
                0x8000cbe6                AppShell_status
 .text.ISR_Asc_0_rx
                0x8000cc88       0x1e 2_Out/Gnuc/0_Src/0_AppSw/Tricore/Main/AsclinShellInterface.o
                0x8000cc88                ISR_Asc_0_rx
 .text.ISR_Asc_0_tx
                0x8000cca6       0x1e 2_Out/Gnuc/0_Src/0_AppSw/Tricore/Main/AsclinShellInterface.o
                0x8000cca6                ISR_Asc_0_tx
 .text.ISR_Asc_0_ex
                0x8000ccc4       0x1e 2_Out/Gnuc/0_Src/0_AppSw/Tricore/Main/AsclinShellInterface.o
                0x8000ccc4                ISR_Asc_0_ex
 .text.welcomeScreen
                0x8000cce2      0x13a 2_Out/Gnuc/0_Src/0_AppSw/Tricore/Main/AsclinShellInterface.o
                0x8000cce2                welcomeScreen
 .text.AppShell_info
                0x8000ce1c        0xc 2_Out/Gnuc/0_Src/0_AppSw/Tricore/Main/AsclinShellInterface.o
                0x8000ce1c                AppShell_info
 .text.initSerialInterface
                0x8000ce28       0x9a 2_Out/Gnuc/0_Src/0_AppSw/Tricore/Main/AsclinShellInterface.o
                0x8000ce28                initSerialInterface
 .text.AsclinShellInterface_init
                0x8000cec2       0x68 2_Out/Gnuc/0_Src/0_AppSw/Tricore/Main/AsclinShellInterface.o
                0x8000cec2                AsclinShellInterface_init
 .text.AsclinShellInterface_run
                0x8000cf2a        0xc 2_Out/Gnuc/0_Src/0_AppSw/Tricore/Main/AsclinShellInterface.o
                0x8000cf2a                AsclinShellInterface_run
 .text.AsclinShellInterface_runLineScan
                0x8000cf36       0x66 2_Out/Gnuc/0_Src/0_AppSw/Tricore/Main/AsclinShellInterface.o
                0x8000cf36                AsclinShellInterface_runLineScan
 .text.ISR_IncrIncZero
                0x8000cf9c       0x16 2_Out/Gnuc/0_Src/0_AppSw/Tricore/Main/BasicGpt12Enc.o
                0x8000cf9c                ISR_IncrIncZero
 .text.BasicGpt12Enc_init
                0x8000cfb2       0xd4 2_Out/Gnuc/0_Src/0_AppSw/Tricore/Main/BasicGpt12Enc.o
                0x8000cfb2                BasicGpt12Enc_init
 .text.BasicGpt12Enc_run
                0x8000d086       0x3a 2_Out/Gnuc/0_Src/0_AppSw/Tricore/Main/BasicGpt12Enc.o
                0x8000d086                BasicGpt12Enc_run
 .text.GtmTomPwmHl_initTimer
                0x8000d0c0       0xec 2_Out/Gnuc/0_Src/0_AppSw/Tricore/Main/BasicGtmTom.o
                0x8000d0c0                GtmTomPwmHl_initTimer
 .text.GtmTomSrv_initTimer
                0x8000d1ac       0x60 2_Out/Gnuc/0_Src/0_AppSw/Tricore/Main/BasicGtmTom.o
                0x8000d1ac                GtmTomSrv_initTimer
 .text.GtmTomBeeper_init
                0x8000d20c       0x78 2_Out/Gnuc/0_Src/0_AppSw/Tricore/Main/BasicGtmTom.o
                0x8000d20c                GtmTomBeeper_init
 .text.BasicGtmTom_init
                0x8000d284       0x96 2_Out/Gnuc/0_Src/0_AppSw/Tricore/Main/BasicGtmTom.o
                0x8000d284                BasicGtmTom_init
 .text.GtmTomPwmHl_run
                0x8000d31a       0x5c 2_Out/Gnuc/0_Src/0_AppSw/Tricore/Main/BasicGtmTom.o
                0x8000d31a                GtmTomPwmHl_run
 .text.GtmTomSrv_run
                0x8000d376       0x72 2_Out/Gnuc/0_Src/0_AppSw/Tricore/Main/BasicGtmTom.o
                0x8000d376                GtmTomSrv_run
 .text.GtmTomBeeper_run
                0x8000d3e8       0x80 2_Out/Gnuc/0_Src/0_AppSw/Tricore/Main/BasicGtmTom.o
                0x8000d3e8                GtmTomBeeper_run
 .text.BasicGtmTom_run
                0x8000d468        0xc 2_Out/Gnuc/0_Src/0_AppSw/Tricore/Main/BasicGtmTom.o
                0x8000d468                BasicGtmTom_run
 .text.IR_setMotor0Vol
                0x8000d474       0x24 2_Out/Gnuc/0_Src/0_AppSw/Tricore/Main/BasicGtmTom.o
                0x8000d474                IR_setMotor0Vol
 .text.IR_setMotor1Vol
                0x8000d498       0x26 2_Out/Gnuc/0_Src/0_AppSw/Tricore/Main/BasicGtmTom.o
                0x8000d498                IR_setMotor1Vol
 .text.IR_setSrvAngle
                0x8000d4be       0x24 2_Out/Gnuc/0_Src/0_AppSw/Tricore/Main/BasicGtmTom.o
                0x8000d4be                IR_setSrvAngle
 .text.IR_setBeeperOn
                0x8000d4e2        0xe 2_Out/Gnuc/0_Src/0_AppSw/Tricore/Main/BasicGtmTom.o
                0x8000d4e2                IR_setBeeperOn
 .text.IR_setBeeperFreq
                0x8000d4f0       0x2a 2_Out/Gnuc/0_Src/0_AppSw/Tricore/Main/BasicGtmTom.o
                0x8000d4f0                IR_setBeeperFreq
 .text.IR_setBeeperVol
                0x8000d51a       0x28 2_Out/Gnuc/0_Src/0_AppSw/Tricore/Main/BasicGtmTom.o
                0x8000d51a                IR_setBeeperVol
 .text.BasicPort_init
                0x8000d542      0x27e 2_Out/Gnuc/0_Src/0_AppSw/Tricore/Main/BasicPort.o
                0x8000d542                BasicPort_init
 .text.BasicPort_run
                0x8000d7c0      0x17a 2_Out/Gnuc/0_Src/0_AppSw/Tricore/Main/BasicPort.o
                0x8000d7c0                BasicPort_run
 .text.IR_setMotor0En
                0x8000d93a        0xe 2_Out/Gnuc/0_Src/0_AppSw/Tricore/Main/BasicPort.o
                0x8000d93a                IR_setMotor0En
 .text.IR_setMotor1En
                0x8000d948       0x10 2_Out/Gnuc/0_Src/0_AppSw/Tricore/Main/BasicPort.o
                0x8000d948                IR_setMotor1En
 .text.IR_setLed108
                0x8000d958        0xe 2_Out/Gnuc/0_Src/0_AppSw/Tricore/Main/BasicPort.o
                0x8000d958                IR_setLed108
 .text.IR_setLed109
                0x8000d966       0x10 2_Out/Gnuc/0_Src/0_AppSw/Tricore/Main/BasicPort.o
                0x8000d966                IR_setLed109
 .text.IR_setLed110
                0x8000d976       0x10 2_Out/Gnuc/0_Src/0_AppSw/Tricore/Main/BasicPort.o
                0x8000d976                IR_setLed110
 .text.STM_Int0Handler
                0x8000d986       0xba 2_Out/Gnuc/0_Src/0_AppSw/Tricore/Main/BasicStm.o
                0x8000d986                STM_Int0Handler
 .text.BasicStm_init
                0x8000da40       0x78 2_Out/Gnuc/0_Src/0_AppSw/Tricore/Main/BasicStm.o
                0x8000da40                BasicStm_init
 .text.BasicStm_run
                0x8000dab8       0x76 2_Out/Gnuc/0_Src/0_AppSw/Tricore/Main/BasicStm.o
                0x8000dab8                BasicStm_run
 .text.BasicLineScan_init
                0x8000db2e      0x10e 2_Out/Gnuc/0_Src/0_AppSw/Tricore/Main/BasicTsl1401.o
                0x8000db2e                BasicLineScan_init
 .text.BasicLineScan_run
                0x8000dc3c      0x1b0 2_Out/Gnuc/0_Src/0_AppSw/Tricore/Main/BasicTsl1401.o
                0x8000dc3c                BasicLineScan_run
 .text.BasicVadcBgScan_init
                0x8000ddec       0xb2 2_Out/Gnuc/0_Src/0_AppSw/Tricore/Main/BasicVadcBgScan.o
                0x8000ddec                BasicVadcBgScan_init
 .text.BasicVadcBgScan_run
                0x8000de9e       0x56 2_Out/Gnuc/0_Src/0_AppSw/Tricore/Main/BasicVadcBgScan.o
                0x8000de9e                BasicVadcBgScan_run
 .text.core0_main
                0x8000def4       0xba 2_Out/Gnuc/0_Src/0_AppSw/Tricore/Main/Cpu0_Main.o
                0x8000def4                core0_main
 .text.background_light_init
                0x8000dfae       0xaa 2_Out/Gnuc/0_Src/0_AppSw/Tricore/TftApp/background_light.o
                0x8000dfae                background_light_init
 .text.ISR_BACKLIGHT
                0x8000e058       0xd6 2_Out/Gnuc/0_Src/0_AppSw/Tricore/TftApp/background_light.o
                0x8000e058                ISR_BACKLIGHT
 .text.bar_input
                0x8000e12e        0x6 2_Out/Gnuc/0_Src/0_AppSw/Tricore/TftApp/basebar.o
                0x8000e12e                bar_input
 .text.bar_select_rsvd
                0x8000e134       0x48 2_Out/Gnuc/0_Src/0_AppSw/Tricore/TftApp/basebar.o
                0x8000e134                bar_select_rsvd
 .text.bar_select_graph
                0x8000e17c       0x48 2_Out/Gnuc/0_Src/0_AppSw/Tricore/TftApp/basebar.o
                0x8000e17c                bar_select_graph
 .text.bar_select_stdio1
                0x8000e1c4       0x48 2_Out/Gnuc/0_Src/0_AppSw/Tricore/TftApp/basebar.o
                0x8000e1c4                bar_select_stdio1
 .text.bar_select_stdio0
                0x8000e20c       0x48 2_Out/Gnuc/0_Src/0_AppSw/Tricore/TftApp/basebar.o
                0x8000e20c                bar_select_stdio0
 .text.bar_select_menu
                0x8000e254       0x48 2_Out/Gnuc/0_Src/0_AppSw/Tricore/TftApp/basebar.o
                0x8000e254                bar_select_menu
 .text.display_io_init
                0x8000e29c       0x28 2_Out/Gnuc/0_Src/0_AppSw/Tricore/TftApp/display_io.o
                0x8000e29c                display_io_init
 .text.display_io_run
                0x8000e2c4      0x148 2_Out/Gnuc/0_Src/0_AppSw/Tricore/TftApp/display_io.o
                0x8000e2c4                display_io_run
 .text.graph_drawInfineonLogo
                0x8000e40c       0xb6 2_Out/Gnuc/0_Src/0_AppSw/Tricore/TftApp/DrawLogo.o
                0x8000e40c                graph_drawInfineonLogo
 .text.keyboard_input
                0x8000e4c2        0x6 2_Out/Gnuc/0_Src/0_AppSw/Tricore/TftApp/keyboard.o
                0x8000e4c2                keyboard_input
 .text.keyboard_display_descr
                0x8000e4c8       0x30 2_Out/Gnuc/0_Src/0_AppSw/Tricore/TftApp/keyboard.o
                0x8000e4c8                keyboard_display_descr
 .text.keyboard_display
                0x8000e4f8       0x4c 2_Out/Gnuc/0_Src/0_AppSw/Tricore/TftApp/keyboard.o
                0x8000e4f8                keyboard_display
 .text.keyboard_display_text
                0x8000e544       0x5a 2_Out/Gnuc/0_Src/0_AppSw/Tricore/TftApp/keyboard.o
                0x8000e544                keyboard_display_text
 .text.keyboard_select_right
                0x8000e59e       0x6a 2_Out/Gnuc/0_Src/0_AppSw/Tricore/TftApp/keyboard.o
                0x8000e59e                keyboard_select_right
 .text.keyboard_select_left
                0x8000e608       0x64 2_Out/Gnuc/0_Src/0_AppSw/Tricore/TftApp/keyboard.o
                0x8000e608                keyboard_select_left
 .text.keyboard_select_enter
                0x8000e66c       0x7e 2_Out/Gnuc/0_Src/0_AppSw/Tricore/TftApp/keyboard.o
                0x8000e66c                keyboard_select_enter
 .text.keyboard_select_back
                0x8000e6ea       0xa6 2_Out/Gnuc/0_Src/0_AppSw/Tricore/TftApp/keyboard.o
                0x8000e6ea                keyboard_select_back
 .text.keyboard_select
                0x8000e790       0xc4 2_Out/Gnuc/0_Src/0_AppSw/Tricore/TftApp/keyboard.o
                0x8000e790                keyboard_select
 .text.keyboard
                0x8000e854      0x166 2_Out/Gnuc/0_Src/0_AppSw/Tricore/TftApp/keyboard.o
                0x8000e854                keyboard
 .text.menu_input
                0x8000e9ba        0x4 2_Out/Gnuc/0_Src/0_AppSw/Tricore/TftApp/menu.o
                0x8000e9ba                menu_input
 .text.menu_display
                0x8000e9be       0x22 2_Out/Gnuc/0_Src/0_AppSw/Tricore/TftApp/menu.o
                0x8000e9be                menu_display
 .text.menu_display_background_light
                0x8000e9e0       0x2c 2_Out/Gnuc/0_Src/0_AppSw/Tricore/TftApp/menu.o
                0x8000e9e0                menu_display_background_light
 .text.menu_display_srv
                0x8000ea0c       0x36 2_Out/Gnuc/0_Src/0_AppSw/Tricore/TftApp/menu.o
                0x8000ea0c                menu_display_srv
 .text.menu_display_motor1
                0x8000ea42       0x38 2_Out/Gnuc/0_Src/0_AppSw/Tricore/TftApp/menu.o
                0x8000ea42                menu_display_motor1
 .text.menu_display_motor0
                0x8000ea7a       0x36 2_Out/Gnuc/0_Src/0_AppSw/Tricore/TftApp/menu.o
                0x8000ea7a                menu_display_motor0
 .text.menu_display_cpusec
                0x8000eab0       0x32 2_Out/Gnuc/0_Src/0_AppSw/Tricore/TftApp/menu.o
                0x8000eab0                menu_display_cpusec
 .text.menu_input_background_light
                0x8000eae2       0x46 2_Out/Gnuc/0_Src/0_AppSw/Tricore/TftApp/menu.o
                0x8000eae2                menu_input_background_light
 .text.menu_input_srv
                0x8000eb28       0x2c 2_Out/Gnuc/0_Src/0_AppSw/Tricore/TftApp/menu.o
                0x8000eb28                menu_input_srv
 .text.menu_input_motor1
                0x8000eb54       0x2c 2_Out/Gnuc/0_Src/0_AppSw/Tricore/TftApp/menu.o
                0x8000eb54                menu_input_motor1
 .text.menu_input_motor0
                0x8000eb80       0x2c 2_Out/Gnuc/0_Src/0_AppSw/Tricore/TftApp/menu.o
                0x8000eb80                menu_input_motor0
 .text.menu_select_background_lightminus
                0x8000ebac       0x60 2_Out/Gnuc/0_Src/0_AppSw/Tricore/TftApp/menu.o
                0x8000ebac                menu_select_background_lightminus
 .text.menu_select_background_lightplus
                0x8000ec0c       0x60 2_Out/Gnuc/0_Src/0_AppSw/Tricore/TftApp/menu.o
                0x8000ec0c                menu_select_background_lightplus
 .text.menu_select_testbasic
                0x8000ec6c       0x62 2_Out/Gnuc/0_Src/0_AppSw/Tricore/TftApp/menu.o
                0x8000ec6c                menu_select_testbasic
 .text.menu_select_cpusec
                0x8000ecce       0x46 2_Out/Gnuc/0_Src/0_AppSw/Tricore/TftApp/menu.o
                0x8000ecce                menu_select_cpusec
 .text.menu_select_title
                0x8000ed14       0x40 2_Out/Gnuc/0_Src/0_AppSw/Tricore/TftApp/menu.o
                0x8000ed14                menu_select_title
 .text.menu_display_motor1en
                0x8000ed54       0x38 2_Out/Gnuc/0_Src/0_AppSw/Tricore/TftApp/menu.o
                0x8000ed54                menu_display_motor1en
 .text.menu_display_motor0en
                0x8000ed8c       0x36 2_Out/Gnuc/0_Src/0_AppSw/Tricore/TftApp/menu.o
                0x8000ed8c                menu_display_motor0en
 .text.menu_display_beeper
                0x8000edc2       0x36 2_Out/Gnuc/0_Src/0_AppSw/Tricore/TftApp/menu.o
                0x8000edc2                menu_display_beeper
 .text.menu_display_testbasic
                0x8000edf8       0x38 2_Out/Gnuc/0_Src/0_AppSw/Tricore/TftApp/menu.o
                0x8000edf8                menu_display_testbasic
 .text.menu_select_background_light
                0x8000ee30       0x94 2_Out/Gnuc/0_Src/0_AppSw/Tricore/TftApp/menu.o
                0x8000ee30                menu_select_background_light
 .text.menu_select_srv
                0x8000eec4       0xa2 2_Out/Gnuc/0_Src/0_AppSw/Tricore/TftApp/menu.o
                0x8000eec4                menu_select_srv
 .text.menu_select_motor1
                0x8000ef66       0xa6 2_Out/Gnuc/0_Src/0_AppSw/Tricore/TftApp/menu.o
                0x8000ef66                menu_select_motor1
 .text.menu_select_motor0
                0x8000f00c       0xa2 2_Out/Gnuc/0_Src/0_AppSw/Tricore/TftApp/menu.o
                0x8000f00c                menu_select_motor0
 .text.menu_select_srv_minus
                0x8000f0ae       0x54 2_Out/Gnuc/0_Src/0_AppSw/Tricore/TftApp/menu.o
                0x8000f0ae                menu_select_srv_minus
 .text.menu_select_srv_plus
                0x8000f102       0x54 2_Out/Gnuc/0_Src/0_AppSw/Tricore/TftApp/menu.o
                0x8000f102                menu_select_srv_plus
 .text.menu_select_motor1_minus
                0x8000f156       0x56 2_Out/Gnuc/0_Src/0_AppSw/Tricore/TftApp/menu.o
                0x8000f156                menu_select_motor1_minus
 .text.menu_select_motor1_plus
                0x8000f1ac       0x56 2_Out/Gnuc/0_Src/0_AppSw/Tricore/TftApp/menu.o
                0x8000f1ac                menu_select_motor1_plus
 .text.menu_select_motor1en
                0x8000f202       0x70 2_Out/Gnuc/0_Src/0_AppSw/Tricore/TftApp/menu.o
                0x8000f202                menu_select_motor1en
 .text.menu_select_motor0_minus
                0x8000f272       0x54 2_Out/Gnuc/0_Src/0_AppSw/Tricore/TftApp/menu.o
                0x8000f272                menu_select_motor0_minus
 .text.menu_select_motor0_plus
                0x8000f2c6       0x54 2_Out/Gnuc/0_Src/0_AppSw/Tricore/TftApp/menu.o
                0x8000f2c6                menu_select_motor0_plus
 .text.menu_select_motor0en
                0x8000f31a       0x70 2_Out/Gnuc/0_Src/0_AppSw/Tricore/TftApp/menu.o
                0x8000f31a                menu_select_motor0en
 .text.menu_select_beeper
                0x8000f38a       0x70 2_Out/Gnuc/0_Src/0_AppSw/Tricore/TftApp/menu.o
                0x8000f38a                menu_select_beeper
 .text.menu_select
                0x8000f3fa       0x3c 2_Out/Gnuc/0_Src/0_AppSw/Tricore/TftApp/menu.o
                0x8000f3fa                menu_select
 .text.showmenu
                0x8000f436       0x96 2_Out/Gnuc/0_Src/0_AppSw/Tricore/TftApp/menu.o
                0x8000f436                showmenu
 .text.perf_meas_init
                0x8000f4cc       0xdc 2_Out/Gnuc/0_Src/0_AppSw/Tricore/TftApp/Perf_Meas.o
                0x8000f4cc                perf_meas_init
 .text.perf_meas_idle
                0x8000f5a8       0x32 2_Out/Gnuc/0_Src/0_AppSw/Tricore/TftApp/Perf_Meas.o
                0x8000f5a8                perf_meas_idle
 .text.ISR_perf_meas_call
                0x8000f5da       0xa0 2_Out/Gnuc/0_Src/0_AppSw/Tricore/TftApp/Perf_Meas.o
                0x8000f5da                ISR_perf_meas_call
 .text.tft_app_init
                0x8000f67a       0x94 2_Out/Gnuc/0_Src/0_AppSw/Tricore/TftApp/tft_app.o
                0x8000f67a                tft_app_init
 .text.tft_app_run
                0x8000f70e       0x2e 2_Out/Gnuc/0_Src/0_AppSw/Tricore/TftApp/tft_app.o
                0x8000f70e                tft_app_run
 .text.cpu_service0Irq
                0x8000f73c       0x4a 2_Out/Gnuc/0_Src/0_AppSw/Tricore/TftApp/tft_app.o
                0x8000f73c                cpu_service0Irq
 .text.SpiIf_initConfig
                0x8000f786       0x16 2_Out/Gnuc/0_Src/1_SrvSw/If/SpiIf.o
                0x8000f786                SpiIf_initConfig
 .text.SpiIf_initChannelConfig
                0x8000f79c       0x1e 2_Out/Gnuc/0_Src/1_SrvSw/If/SpiIf.o
                0x8000f79c                SpiIf_initChannelConfig
 .text.IfxStdIf_DPipe_print
                0x8000f7ba       0x72 2_Out/Gnuc/0_Src/1_SrvSw/StdIf/IfxStdIf_DPipe.o
                0x8000f7ba                IfxStdIf_DPipe_print
 .text.IfxStdIf_Pos_initConfig
                0x8000f82c       0x40 2_Out/Gnuc/0_Src/1_SrvSw/StdIf/IfxStdIf_Pos.o
                0x8000f82c                IfxStdIf_Pos_initConfig
 .text.IfxStdIf_PwmHl_initConfig
                0x8000f86c       0x1c 2_Out/Gnuc/0_Src/1_SrvSw/StdIf/IfxStdIf_PwmHl.o
                0x8000f86c                IfxStdIf_PwmHl_initConfig
 .text.IfxStdIf_Timer_initConfig
                0x8000f888       0x3a 2_Out/Gnuc/0_Src/1_SrvSw/StdIf/IfxStdIf_Timer.o
                0x8000f888                IfxStdIf_Timer_initConfig
 .text.Ifx_Assert_setStandardIo
                0x8000f8c2        0xa 2_Out/Gnuc/0_Src/1_SrvSw/SysSe/Bsp/Assert.o
                0x8000f8c2                Ifx_Assert_setStandardIo
 .text.Ifx_Assert_doLevel
                0x8000f8cc       0x3e 2_Out/Gnuc/0_Src/1_SrvSw/SysSe/Bsp/Assert.o
                0x8000f8cc                Ifx_Assert_doLevel
 .text.Ifx_Assert_doValidate
                0x8000f90a       0x52 2_Out/Gnuc/0_Src/1_SrvSw/SysSe/Bsp/Assert.o
                0x8000f90a                Ifx_Assert_doValidate
 .text.initTime
                0x8000f95c       0xdc 2_Out/Gnuc/0_Src/1_SrvSw/SysSe/Bsp/Bsp.o
                0x8000f95c                initTime
 .text.waitTime
                0x8000fa38       0x76 2_Out/Gnuc/0_Src/1_SrvSw/SysSe/Bsp/Bsp.o
                0x8000fa38                waitTime
 .text.Ifx_Console_init
                0x8000faae       0x12 2_Out/Gnuc/0_Src/1_SrvSw/SysSe/Comm/Ifx_Console.o
                0x8000faae                Ifx_Console_init
 .text.Ifx_Console_print
                0x8000fac0       0x80 2_Out/Gnuc/0_Src/1_SrvSw/SysSe/Comm/Ifx_Console.o
                0x8000fac0                Ifx_Console_print
 .text.Ifx_Shell_writeResult
                0x8000fb40       0x58 2_Out/Gnuc/0_Src/1_SrvSw/SysSe/Comm/Ifx_Shell.o
 .text.Ifx_Shell_showHelpSingle
                0x8000fb98       0x5a 2_Out/Gnuc/0_Src/1_SrvSw/SysSe/Comm/Ifx_Shell.o
                0x8000fb98                Ifx_Shell_showHelpSingle
 .text.Ifx_Shell_showHelp
                0x8000fbf2       0x12 2_Out/Gnuc/0_Src/1_SrvSw/SysSe/Comm/Ifx_Shell.o
                0x8000fbf2                Ifx_Shell_showHelp
 .text.Ifx_Shell_initConfig
                0x8000fc04       0x22 2_Out/Gnuc/0_Src/1_SrvSw/SysSe/Comm/Ifx_Shell.o
                0x8000fc04                Ifx_Shell_initConfig
 .text.Ifx_Shell_init
                0x8000fc26       0xd6 2_Out/Gnuc/0_Src/1_SrvSw/SysSe/Comm/Ifx_Shell.o
                0x8000fc26                Ifx_Shell_init
 .text.Ifx_Shell_parseToken
                0x8000fcfc      0x124 2_Out/Gnuc/0_Src/1_SrvSw/SysSe/Comm/Ifx_Shell.o
                0x8000fcfc                Ifx_Shell_parseToken
 .text.Ifx_Shell_matchToken
                0x8000fe20       0x2e 2_Out/Gnuc/0_Src/1_SrvSw/SysSe/Comm/Ifx_Shell.o
                0x8000fe20                Ifx_Shell_matchToken
 .text.Ifx_Shell_parseSInt64
                0x8000fe4e       0x38 2_Out/Gnuc/0_Src/1_SrvSw/SysSe/Comm/Ifx_Shell.o
                0x8000fe4e                Ifx_Shell_parseSInt64
 .text.Ifx_Shell_parseSInt32
                0x8000fe86       0x1a 2_Out/Gnuc/0_Src/1_SrvSw/SysSe/Comm/Ifx_Shell.o
                0x8000fe86                Ifx_Shell_parseSInt32
 .text.Ifx_Shell_parseFloat32
                0x8000fea0       0x36 2_Out/Gnuc/0_Src/1_SrvSw/SysSe/Comm/Ifx_Shell.o
                0x8000fea0                Ifx_Shell_parseFloat32
 .text.Ifx_Shell_commandFind
                0x8000fed6       0x9e 2_Out/Gnuc/0_Src/1_SrvSw/SysSe/Comm/Ifx_Shell.o
                0x8000fed6                Ifx_Shell_commandFind
 .text.Ifx_Shell_commandListFind
                0x8000ff74        0xe 2_Out/Gnuc/0_Src/1_SrvSw/SysSe/Comm/Ifx_Shell.o
                0x8000ff74                Ifx_Shell_commandListFind
 .text.Ifx_Shell_execute
                0x8000ff82       0x8c 2_Out/Gnuc/0_Src/1_SrvSw/SysSe/Comm/Ifx_Shell.o
                0x8000ff82                Ifx_Shell_execute
 *fill*         0x8001000e        0x2 00
 .text.Ifx_Shell_cmdEscapeProcess
                0x80010010      0x534 2_Out/Gnuc/0_Src/1_SrvSw/SysSe/Comm/Ifx_Shell.o
                0x80010010                Ifx_Shell_cmdEscapeProcess
 .text.Ifx_Shell_process
                0x80010544      0x32c 2_Out/Gnuc/0_Src/1_SrvSw/SysSe/Comm/Ifx_Shell.o
                0x80010544                Ifx_Shell_process
 .text.Ifx_LowPassPt1_init
                0x80010870       0x2c 2_Out/Gnuc/0_Src/1_SrvSw/SysSe/Math/Ifx_LowPassPt1.o
                0x80010870                Ifx_LowPassPt1_init
 .text.Ifx_LowPassPt1_do
                0x8001089c       0x16 2_Out/Gnuc/0_Src/1_SrvSw/SysSe/Math/Ifx_LowPassPt1.o
                0x8001089c                Ifx_LowPassPt1_do
 .text.DateTime_get
                0x800108b2       0x52 2_Out/Gnuc/0_Src/1_SrvSw/SysSe/Time/Ifx_DateTime.o
                0x800108b2                DateTime_get
 .text.Ifx_C_Init
                0x80010904       0xd6 2_Out/Gnuc/0_Src/1_SrvSw/Tricore/Compilers/CompilerGnuc.o
                0x80010904                Ifx_C_Init
 .text.ISR_qspi0_Tx
                0x800109da       0x1a 2_Out/Gnuc/0_Src/2_CDrv/Tricore/Qspi/Qspi0.o
                0x800109da                ISR_qspi0_Tx
 .text.ISR_qspi0_Rx
                0x800109f4       0x16 2_Out/Gnuc/0_Src/2_CDrv/Tricore/Qspi/Qspi0.o
                0x800109f4                ISR_qspi0_Rx
 .text.ISR_qspi0_Er
                0x80010a0a       0x16 2_Out/Gnuc/0_Src/2_CDrv/Tricore/Qspi/Qspi0.o
                0x80010a0a                ISR_qspi0_Er
 .text.qspi0_init
                0x80010a20       0x98 2_Out/Gnuc/0_Src/2_CDrv/Tricore/Qspi/Qspi0.o
                0x80010a20                qspi0_init
 .text.bar_display
                0x80010ab8       0x20 2_Out/Gnuc/0_Src/2_CDrv/Tricore/Tft/conio_tft.o
                0x80010ab8                bar_display
 .text.conio_periodic
                0x80010ad8      0x7dc 2_Out/Gnuc/0_Src/2_CDrv/Tricore/Tft/conio_tft.o
                0x80010ad8                conio_periodic
 .text.conio_init
                0x800112b4       0xaa 2_Out/Gnuc/0_Src/2_CDrv/Tricore/Tft/conio_tft.o
                0x800112b4                conio_init
 .text.fifo_display_init
                0x8001135e       0x18 2_Out/Gnuc/0_Src/2_CDrv/Tricore/Tft/fifo.o
                0x8001135e                fifo_display_init
 .text.FIFO_DISPLAY_USED
                0x80011376       0x20 2_Out/Gnuc/0_Src/2_CDrv/Tricore/Tft/fifo.o
                0x80011376                FIFO_DISPLAY_USED
 .text.GET_FIFO_DISPLAY
                0x80011396       0x34 2_Out/Gnuc/0_Src/2_CDrv/Tricore/Tft/fifo.o
                0x80011396                GET_FIFO_DISPLAY
 .text.GET_FIFO_DISPLAY_NODROP
                0x800113ca       0x30 2_Out/Gnuc/0_Src/2_CDrv/Tricore/Tft/fifo.o
                0x800113ca                GET_FIFO_DISPLAY_NODROP
 .text.tft_prepare_ascii_line
                0x800113fa       0x88 2_Out/Gnuc/0_Src/2_CDrv/Tricore/Tft/libtft_ascii.o
 .text.tft_ascii_line_written
                0x80011482       0x56 2_Out/Gnuc/0_Src/2_CDrv/Tricore/Tft/libtft_ascii.o
 .text.conio_ascii_clrscr
                0x800114d8       0x4e 2_Out/Gnuc/0_Src/2_CDrv/Tricore/Tft/libtft_ascii.o
                0x800114d8                conio_ascii_clrscr
 .text.conio_ascii_clreol
                0x80011526       0x6e 2_Out/Gnuc/0_Src/2_CDrv/Tricore/Tft/libtft_ascii.o
                0x80011526                conio_ascii_clreol
 .text.conio_ascii_textattr
                0x80011594       0x14 2_Out/Gnuc/0_Src/2_CDrv/Tricore/Tft/libtft_ascii.o
                0x80011594                conio_ascii_textattr
 .text.conio_ascii_textcolor
                0x800115a8       0x1c 2_Out/Gnuc/0_Src/2_CDrv/Tricore/Tft/libtft_ascii.o
                0x800115a8                conio_ascii_textcolor
 .text.conio_ascii_textbackground
                0x800115c4       0x1c 2_Out/Gnuc/0_Src/2_CDrv/Tricore/Tft/libtft_ascii.o
                0x800115c4                conio_ascii_textbackground
 .text.conio_ascii_textchangebackground
                0x800115e0       0x4a 2_Out/Gnuc/0_Src/2_CDrv/Tricore/Tft/libtft_ascii.o
                0x800115e0                conio_ascii_textchangebackground
 .text.conio_ascii_textchangeforeground
                0x8001162a       0x4c 2_Out/Gnuc/0_Src/2_CDrv/Tricore/Tft/libtft_ascii.o
                0x8001162a                conio_ascii_textchangeforeground
 .text.conio_ascii_textchangecolor
                0x80011676       0x3e 2_Out/Gnuc/0_Src/2_CDrv/Tricore/Tft/libtft_ascii.o
                0x80011676                conio_ascii_textchangecolor
 .text.conio_ascii_gotoxy
                0x800116b4       0x36 2_Out/Gnuc/0_Src/2_CDrv/Tricore/Tft/libtft_ascii.o
                0x800116b4                conio_ascii_gotoxy
 .text.conio_ascii_cputs
                0x800116ea       0xac 2_Out/Gnuc/0_Src/2_CDrv/Tricore/Tft/libtft_ascii.o
                0x800116ea                conio_ascii_cputs
 .text.conio_ascii_putch
                0x80011796       0x76 2_Out/Gnuc/0_Src/2_CDrv/Tricore/Tft/libtft_ascii.o
                0x80011796                conio_ascii_putch
 .text.conio_ascii_printfxy
                0x8001180c       0x5a 2_Out/Gnuc/0_Src/2_CDrv/Tricore/Tft/libtft_ascii.o
                0x8001180c                conio_ascii_printfxy
 .text.tft_ascii_bar
                0x80011866        0xe 2_Out/Gnuc/0_Src/2_CDrv/Tricore/Tft/libtft_ascii.o
                0x80011866                tft_ascii_bar
 .text.tft_ascii
                0x80011874       0x26 2_Out/Gnuc/0_Src/2_CDrv/Tricore/Tft/libtft_ascii.o
                0x80011874                tft_ascii
 *fill*         0x8001189a        0x2 00
 .text.tft_graphics_lines_written
                0x8001189c      0x200 2_Out/Gnuc/0_Src/2_CDrv/Tricore/Tft/libtft_graphics.o
 .text.conio_graphics_setcolortable
                0x80011a9c       0x20 2_Out/Gnuc/0_Src/2_CDrv/Tricore/Tft/libtft_graphics.o
                0x80011a9c                conio_graphics_setcolortable
 .text.conio_graphics_clrscr
                0x80011abc       0x9c 2_Out/Gnuc/0_Src/2_CDrv/Tricore/Tft/libtft_graphics.o
                0x80011abc                conio_graphics_clrscr
 .text.conio_graphics_textattr
                0x80011b58       0x14 2_Out/Gnuc/0_Src/2_CDrv/Tricore/Tft/libtft_graphics.o
                0x80011b58                conio_graphics_textattr
 .text.conio_graphics_textcolor
                0x80011b6c       0x1c 2_Out/Gnuc/0_Src/2_CDrv/Tricore/Tft/libtft_graphics.o
                0x80011b6c                conio_graphics_textcolor
 .text.conio_graphics_textbackground
                0x80011b88       0x1c 2_Out/Gnuc/0_Src/2_CDrv/Tricore/Tft/libtft_graphics.o
                0x80011b88                conio_graphics_textbackground
 .text.conio_graphics_gotoxy
                0x80011ba4       0x3c 2_Out/Gnuc/0_Src/2_CDrv/Tricore/Tft/libtft_graphics.o
                0x80011ba4                conio_graphics_gotoxy
 .text.conio_graphics_line
                0x80011be0      0x2e0 2_Out/Gnuc/0_Src/2_CDrv/Tricore/Tft/libtft_graphics.o
                0x80011be0                conio_graphics_line
 .text.conio_graphics_set
                0x80011ec0       0xec 2_Out/Gnuc/0_Src/2_CDrv/Tricore/Tft/libtft_graphics.o
                0x80011ec0                conio_graphics_set
 .text.conio_graphics_char
                0x80011fac      0x2bc 2_Out/Gnuc/0_Src/2_CDrv/Tricore/Tft/libtft_graphics.o
                0x80011fac                conio_graphics_char
 .text.conio_graphics_cputs
                0x80012268       0x6c 2_Out/Gnuc/0_Src/2_CDrv/Tricore/Tft/libtft_graphics.o
                0x80012268                conio_graphics_cputs
 .text.tft_graphic
                0x800122d4       0x26 2_Out/Gnuc/0_Src/2_CDrv/Tricore/Tft/libtft_graphics.o
                0x800122d4                tft_graphic
 .text.tft_write_data
                0x800122fa       0x40 2_Out/Gnuc/0_Src/2_CDrv/Tricore/Tft/tfthw.o
 .text.tft_terminate_endless_transfer
                0x8001233a       0xa8 2_Out/Gnuc/0_Src/2_CDrv/Tricore/Tft/tfthw.o
 .text.tft_write_data_ili9341
                0x800123e2       0xc2 2_Out/Gnuc/0_Src/2_CDrv/Tricore/Tft/tfthw.o
 .text.tft_transmit_callback
                0x800124a4       0x24 2_Out/Gnuc/0_Src/2_CDrv/Tricore/Tft/tfthw.o
                0x800124a4                tft_transmit_callback
 .text.tft_init
                0x800124c8      0x8e4 2_Out/Gnuc/0_Src/2_CDrv/Tricore/Tft/tfthw.o
                0x800124c8                tft_init
 .text.tft_display_setxy
                0x80012dac       0x9a 2_Out/Gnuc/0_Src/2_CDrv/Tricore/Tft/tfthw.o
                0x80012dac                tft_display_setxy
 .text.tft_flush_row_buff
                0x80012e46       0xaa 2_Out/Gnuc/0_Src/2_CDrv/Tricore/Tft/tfthw.o
                0x80012e46                tft_flush_row_buff
 .text.touch_init
                0x80012ef0       0xe4 2_Out/Gnuc/0_Src/2_CDrv/Tricore/Tft/touch.o
                0x80012ef0                touch_init
 .text.touch_periodic
                0x80012fd4      0x4e0 2_Out/Gnuc/0_Src/2_CDrv/Tricore/Tft/touch.o
                0x80012fd4                touch_periodic
 .text.IfxAsclin_Asc_getReadCount
                0x800134b4        0x6 2_Out/Gnuc/0_Src/4_McHal/Tricore/Asclin/Asc/IfxAsclin_Asc.o
                0x800134b4                IfxAsclin_Asc_getReadCount
 .text.IfxAsclin_Asc_getReadEvent
                0x800134ba        0xa 2_Out/Gnuc/0_Src/4_McHal/Tricore/Asclin/Asc/IfxAsclin_Asc.o
                0x800134ba                IfxAsclin_Asc_getReadEvent
 .text.IfxAsclin_Asc_getSendCount
                0x800134c4        0x6 2_Out/Gnuc/0_Src/4_McHal/Tricore/Asclin/Asc/IfxAsclin_Asc.o
                0x800134c4                IfxAsclin_Asc_getSendCount
 .text.IfxAsclin_Asc_getTxTimeStamp
                0x800134ca        0x6 2_Out/Gnuc/0_Src/4_McHal/Tricore/Asclin/Asc/IfxAsclin_Asc.o
                0x800134ca                IfxAsclin_Asc_getTxTimeStamp
 .text.IfxAsclin_Asc_getWriteCount
                0x800134d0        0xe 2_Out/Gnuc/0_Src/4_McHal/Tricore/Asclin/Asc/IfxAsclin_Asc.o
                0x800134d0                IfxAsclin_Asc_getWriteCount
 .text.IfxAsclin_Asc_getWriteEvent
                0x800134de        0xa 2_Out/Gnuc/0_Src/4_McHal/Tricore/Asclin/Asc/IfxAsclin_Asc.o
                0x800134de                IfxAsclin_Asc_getWriteEvent
 .text.IfxAsclin_Asc_isrError
                0x800134e8       0x72 2_Out/Gnuc/0_Src/4_McHal/Tricore/Asclin/Asc/IfxAsclin_Asc.o
                0x800134e8                IfxAsclin_Asc_isrError
 .text.IfxAsclin_Asc_resetSendCount
                0x8001355a        0x6 2_Out/Gnuc/0_Src/4_McHal/Tricore/Asclin/Asc/IfxAsclin_Asc.o
                0x8001355a                IfxAsclin_Asc_resetSendCount
 .text.IfxAsclin_Asc_read
                0x80013560       0x1c 2_Out/Gnuc/0_Src/4_McHal/Tricore/Asclin/Asc/IfxAsclin_Asc.o
                0x80013560                IfxAsclin_Asc_read
 .text.IfxAsclin_Asc_isrTransmit
                0x8001357c       0x80 2_Out/Gnuc/0_Src/4_McHal/Tricore/Asclin/Asc/IfxAsclin_Asc.o
                0x8001357c                IfxAsclin_Asc_isrTransmit
 .text.IfxAsclin_Asc_flushTx
                0x800135fc       0x98 2_Out/Gnuc/0_Src/4_McHal/Tricore/Asclin/Asc/IfxAsclin_Asc.o
                0x800135fc                IfxAsclin_Asc_flushTx
 .text.IfxAsclin_Asc_canWriteCount
                0x80013694        0x8 2_Out/Gnuc/0_Src/4_McHal/Tricore/Asclin/Asc/IfxAsclin_Asc.o
                0x80013694                IfxAsclin_Asc_canWriteCount
 .text.IfxAsclin_Asc_clearTx
                0x8001369c       0x16 2_Out/Gnuc/0_Src/4_McHal/Tricore/Asclin/Asc/IfxAsclin_Asc.o
                0x8001369c                IfxAsclin_Asc_clearTx
 .text.IfxAsclin_Asc_clearRx
                0x800136b2       0x12 2_Out/Gnuc/0_Src/4_McHal/Tricore/Asclin/Asc/IfxAsclin_Asc.o
                0x800136b2                IfxAsclin_Asc_clearRx
 .text.IfxAsclin_Asc_canReadCount
                0x800136c4        0x8 2_Out/Gnuc/0_Src/4_McHal/Tricore/Asclin/Asc/IfxAsclin_Asc.o
                0x800136c4                IfxAsclin_Asc_canReadCount
 .text.IfxAsclin_Asc_isrReceive
                0x800136cc       0x78 2_Out/Gnuc/0_Src/4_McHal/Tricore/Asclin/Asc/IfxAsclin_Asc.o
                0x800136cc                IfxAsclin_Asc_isrReceive
 .text.IfxAsclin_Asc_initModule
                0x80013744      0x3a4 2_Out/Gnuc/0_Src/4_McHal/Tricore/Asclin/Asc/IfxAsclin_Asc.o
                0x80013744                IfxAsclin_Asc_initModule
 .text.IfxAsclin_Asc_initModuleConfig
                0x80013ae8       0x86 2_Out/Gnuc/0_Src/4_McHal/Tricore/Asclin/Asc/IfxAsclin_Asc.o
                0x80013ae8                IfxAsclin_Asc_initModuleConfig
 .text.IfxAsclin_Asc_initiateTransmission
                0x80013b6e       0x50 2_Out/Gnuc/0_Src/4_McHal/Tricore/Asclin/Asc/IfxAsclin_Asc.o
                0x80013b6e                IfxAsclin_Asc_initiateTransmission
 .text.IfxAsclin_Asc_write
                0x80013bbe       0x2c 2_Out/Gnuc/0_Src/4_McHal/Tricore/Asclin/Asc/IfxAsclin_Asc.o
                0x80013bbe                IfxAsclin_Asc_write
 .text.IfxAsclin_Asc_stdIfDPipeInit
                0x80013bea       0xc6 2_Out/Gnuc/0_Src/4_McHal/Tricore/Asclin/Asc/IfxAsclin_Asc.o
                0x80013bea                IfxAsclin_Asc_stdIfDPipeInit
 .text.IfxAsclin_enableModule
                0x80013cb0       0x1c 2_Out/Gnuc/0_Src/4_McHal/Tricore/Asclin/Std/IfxAsclin.o
                0x80013cb0                IfxAsclin_enableModule
 .text.IfxAsclin_getFaFrequency
                0x80013ccc       0x4c 2_Out/Gnuc/0_Src/4_McHal/Tricore/Asclin/Std/IfxAsclin.o
                0x80013ccc                IfxAsclin_getFaFrequency
 .text.IfxAsclin_getPdFrequency
                0x80013d18       0x18 2_Out/Gnuc/0_Src/4_McHal/Tricore/Asclin/Std/IfxAsclin.o
                0x80013d18                IfxAsclin_getPdFrequency
 .text.IfxAsclin_getSrcPointerEr
                0x80013d30       0x22 2_Out/Gnuc/0_Src/4_McHal/Tricore/Asclin/Std/IfxAsclin.o
                0x80013d30                IfxAsclin_getSrcPointerEr
 .text.IfxAsclin_getSrcPointerRx
                0x80013d52       0x22 2_Out/Gnuc/0_Src/4_McHal/Tricore/Asclin/Std/IfxAsclin.o
                0x80013d52                IfxAsclin_getSrcPointerRx
 .text.IfxAsclin_getSrcPointerTx
                0x80013d74       0x22 2_Out/Gnuc/0_Src/4_McHal/Tricore/Asclin/Std/IfxAsclin.o
                0x80013d74                IfxAsclin_getSrcPointerTx
 .text.IfxAsclin_read8
                0x80013d96       0x12 2_Out/Gnuc/0_Src/4_McHal/Tricore/Asclin/Std/IfxAsclin.o
                0x80013d96                IfxAsclin_read8
 .text.IfxAsclin_setBitTiming
                0x80013da8      0x18e 2_Out/Gnuc/0_Src/4_McHal/Tricore/Asclin/Std/IfxAsclin.o
                0x80013da8                IfxAsclin_setBitTiming
 .text.IfxAsclin_setClockSource
                0x80013f36       0x22 2_Out/Gnuc/0_Src/4_McHal/Tricore/Asclin/Std/IfxAsclin.o
                0x80013f36                IfxAsclin_setClockSource
 .text.IfxAsclin_write8
                0x80013f58       0x12 2_Out/Gnuc/0_Src/4_McHal/Tricore/Asclin/Std/IfxAsclin.o
                0x80013f58                IfxAsclin_write8
 .text._Core0_start
                0x80013f6a      0x25a 2_Out/Gnuc/0_Src/4_McHal/Tricore/Cpu/CStart/IfxCpu_CStart0.o
                0x80013f6a                _Core0_start
 .text.IfxCpu_Trap_memoryManagementError
                0x800141c4       0x28 2_Out/Gnuc/0_Src/4_McHal/Tricore/Cpu/Trap/IfxCpu_Trap.o
                0x800141c4                IfxCpu_Trap_memoryManagementError
 .text.IfxCpu_Trap_internalProtectionError
                0x800141ec       0x28 2_Out/Gnuc/0_Src/4_McHal/Tricore/Cpu/Trap/IfxCpu_Trap.o
                0x800141ec                IfxCpu_Trap_internalProtectionError
 .text.IfxCpu_Trap_instructionError
                0x80014214       0x28 2_Out/Gnuc/0_Src/4_McHal/Tricore/Cpu/Trap/IfxCpu_Trap.o
                0x80014214                IfxCpu_Trap_instructionError
 .text.IfxCpu_Trap_contextManagementError
                0x8001423c       0x28 2_Out/Gnuc/0_Src/4_McHal/Tricore/Cpu/Trap/IfxCpu_Trap.o
                0x8001423c                IfxCpu_Trap_contextManagementError
 .text.IfxCpu_Trap_busError
                0x80014264       0x28 2_Out/Gnuc/0_Src/4_McHal/Tricore/Cpu/Trap/IfxCpu_Trap.o
                0x80014264                IfxCpu_Trap_busError
 .text.IfxCpu_Trap_assertion
                0x8001428c       0x28 2_Out/Gnuc/0_Src/4_McHal/Tricore/Cpu/Trap/IfxCpu_Trap.o
                0x8001428c                IfxCpu_Trap_assertion
 .text.IfxCpu_Trap_systemCall_Cpu0
                0x800142b4       0x26 2_Out/Gnuc/0_Src/4_McHal/Tricore/Cpu/Trap/IfxCpu_Trap.o
                0x800142b4                IfxCpu_Trap_systemCall_Cpu0
 .text.IfxCpu_Trap_nonMaskableInterrupt
                0x800142da       0x28 2_Out/Gnuc/0_Src/4_McHal/Tricore/Cpu/Trap/IfxCpu_Trap.o
                0x800142da                IfxCpu_Trap_nonMaskableInterrupt
 .text.IfxDma_Dma_configureTransactionSet
                0x80014302       0xe4 2_Out/Gnuc/0_Src/4_McHal/Tricore/Dma/Dma/IfxDma_Dma.o
 .text.IfxDma_Dma_createModuleHandle
                0x800143e6        0x4 2_Out/Gnuc/0_Src/4_McHal/Tricore/Dma/Dma/IfxDma_Dma.o
                0x800143e6                IfxDma_Dma_createModuleHandle
 .text.IfxDma_Dma_initChannel
                0x800143ea       0x7c 2_Out/Gnuc/0_Src/4_McHal/Tricore/Dma/Dma/IfxDma_Dma.o
                0x800143ea                IfxDma_Dma_initChannel
 .text.IfxDma_Dma_initChannelConfig
                0x80014466       0x28 2_Out/Gnuc/0_Src/4_McHal/Tricore/Dma/Dma/IfxDma_Dma.o
                0x80014466                IfxDma_Dma_initChannelConfig
 .text.IfxGpt12_IncrEnc_getDirection
                0x8001448e        0x6 2_Out/Gnuc/0_Src/4_McHal/Tricore/Gpt12/IncrEnc/IfxGpt12_IncrEnc.o
                0x8001448e                IfxGpt12_IncrEnc_getDirection
 .text.IfxGpt12_IncrEnc_getRawPosition
                0x80014494        0x4 2_Out/Gnuc/0_Src/4_McHal/Tricore/Gpt12/IncrEnc/IfxGpt12_IncrEnc.o
                0x80014494                IfxGpt12_IncrEnc_getRawPosition
 .text.IfxGpt12_IncrEnc_getSpeed
                0x80014498        0x6 2_Out/Gnuc/0_Src/4_McHal/Tricore/Gpt12/IncrEnc/IfxGpt12_IncrEnc.o
                0x80014498                IfxGpt12_IncrEnc_getSpeed
 .text.IfxGpt12_IncrEnc_onZeroIrq
                0x8001449e       0x1e 2_Out/Gnuc/0_Src/4_McHal/Tricore/Gpt12/IncrEnc/IfxGpt12_IncrEnc.o
                0x8001449e                IfxGpt12_IncrEnc_onZeroIrq
 .text.IfxGpt12_IncrEnc_update
                0x800144bc        0x6 2_Out/Gnuc/0_Src/4_McHal/Tricore/Gpt12/IncrEnc/IfxGpt12_IncrEnc.o
                0x800144bc                IfxGpt12_IncrEnc_update
 .text.IfxGpt12_IncrEnc_updateFromT2
                0x800144c2       0x6c 2_Out/Gnuc/0_Src/4_McHal/Tricore/Gpt12/IncrEnc/IfxGpt12_IncrEnc.o
 .text.IfxGpt12_IncrEnc_updateFromT3
                0x8001452e       0xba 2_Out/Gnuc/0_Src/4_McHal/Tricore/Gpt12/IncrEnc/IfxGpt12_IncrEnc.o
 .text.IfxGpt12_IncrEnc_init
                0x800145e8      0x2ce 2_Out/Gnuc/0_Src/4_McHal/Tricore/Gpt12/IncrEnc/IfxGpt12_IncrEnc.o
                0x800145e8                IfxGpt12_IncrEnc_init
 .text.IfxGpt12_IncrEnc_initConfig
                0x800148b6       0x46 2_Out/Gnuc/0_Src/4_McHal/Tricore/Gpt12/IncrEnc/IfxGpt12_IncrEnc.o
                0x800148b6                IfxGpt12_IncrEnc_initConfig
 .text.IfxGpt12_T5_getFrequency
                0x800148fc       0x6e 2_Out/Gnuc/0_Src/4_McHal/Tricore/Gpt12/Std/IfxGpt12.o
                0x800148fc                IfxGpt12_T5_getFrequency
 .text.IfxGpt12_enableModule
                0x8001496a       0x1c 2_Out/Gnuc/0_Src/4_McHal/Tricore/Gpt12/Std/IfxGpt12.o
                0x8001496a                IfxGpt12_enableModule
 *fill*         0x80014986        0x2 00
 .text.IfxGpt12_initTxEudInPin
                0x80014988      0x114 2_Out/Gnuc/0_Src/4_McHal/Tricore/Gpt12/Std/IfxGpt12.o
                0x80014988                IfxGpt12_initTxEudInPin
 .text.IfxGpt12_initTxInPin
                0x80014a9c      0x114 2_Out/Gnuc/0_Src/4_McHal/Tricore/Gpt12/Std/IfxGpt12.o
                0x80014a9c                IfxGpt12_initTxInPin
 .text.IfxGtm_enable
                0x80014bb0       0x24 2_Out/Gnuc/0_Src/4_McHal/Tricore/Gtm/Std/IfxGtm.o
                0x80014bb0                IfxGtm_enable
 .text.IfxGtm_Cmu_enableClocks
                0x80014bd4        0x6 2_Out/Gnuc/0_Src/4_McHal/Tricore/Gtm/Std/IfxGtm_Cmu.o
                0x80014bd4                IfxGtm_Cmu_enableClocks
 .text.IfxGtm_Cmu_getGclkFrequency
                0x80014bda       0x26 2_Out/Gnuc/0_Src/4_McHal/Tricore/Gtm/Std/IfxGtm_Cmu.o
                0x80014bda                IfxGtm_Cmu_getGclkFrequency
 .text.IfxGtm_Cmu_getClkFrequency
                0x80014c00       0xcc 2_Out/Gnuc/0_Src/4_McHal/Tricore/Gtm/Std/IfxGtm_Cmu.o
                0x80014c00                IfxGtm_Cmu_getClkFrequency
 .text.IfxGtm_Cmu_getFxClkFrequency
                0x80014ccc       0xa0 2_Out/Gnuc/0_Src/4_McHal/Tricore/Gtm/Std/IfxGtm_Cmu.o
                0x80014ccc                IfxGtm_Cmu_getFxClkFrequency
 .text.IfxGtm_Cmu_getModuleFrequency
                0x80014d6c        0x4 2_Out/Gnuc/0_Src/4_McHal/Tricore/Gtm/Std/IfxGtm_Cmu.o
                0x80014d6c                IfxGtm_Cmu_getModuleFrequency
 .text.IfxGtm_Cmu_setClkFrequency
                0x80014d70       0xac 2_Out/Gnuc/0_Src/4_McHal/Tricore/Gtm/Std/IfxGtm_Cmu.o
                0x80014d70                IfxGtm_Cmu_setClkFrequency
 .text.IfxGtm_Cmu_setGclkFrequency
                0x80014e1c       0x9c 2_Out/Gnuc/0_Src/4_McHal/Tricore/Gtm/Std/IfxGtm_Cmu.o
                0x80014e1c                IfxGtm_Cmu_setGclkFrequency
 .text.IfxGtm_Dpll_getSubIncFrequency
                0x80014eb8        0x4 2_Out/Gnuc/0_Src/4_McHal/Tricore/Gtm/Std/IfxGtm_Dpll.o
                0x80014eb8                IfxGtm_Dpll_getSubIncFrequency
 .text.IfxGtm_Tom_Ch_clearZeroNotification
                0x80014ebc       0x10 2_Out/Gnuc/0_Src/4_McHal/Tricore/Gtm/Std/IfxGtm_Tom.o
                0x80014ebc                IfxGtm_Tom_Ch_clearZeroNotification
 .text.IfxGtm_Tom_Ch_getClockFrequency
                0x80014ecc       0x48 2_Out/Gnuc/0_Src/4_McHal/Tricore/Gtm/Std/IfxGtm_Tom.o
                0x80014ecc                IfxGtm_Tom_Ch_getClockFrequency
 .text.IfxGtm_Tom_Ch_getClockSource
                0x80014f14        0xe 2_Out/Gnuc/0_Src/4_McHal/Tricore/Gtm/Std/IfxGtm_Tom.o
                0x80014f14                IfxGtm_Tom_Ch_getClockSource
 .text.IfxGtm_Tom_Ch_getSrcPointer
                0x80014f22       0x1a 2_Out/Gnuc/0_Src/4_McHal/Tricore/Gtm/Std/IfxGtm_Tom.o
                0x80014f22                IfxGtm_Tom_Ch_getSrcPointer
 .text.IfxGtm_Tom_Ch_getTgcPointer
                0x80014f3c       0x12 2_Out/Gnuc/0_Src/4_McHal/Tricore/Gtm/Std/IfxGtm_Tom.o
                0x80014f3c                IfxGtm_Tom_Ch_getTgcPointer
 .text.IfxGtm_Tom_Ch_isZeroNotification
                0x80014f4e       0x10 2_Out/Gnuc/0_Src/4_McHal/Tricore/Gtm/Std/IfxGtm_Tom.o
                0x80014f4e                IfxGtm_Tom_Ch_isZeroNotification
 .text.IfxGtm_Tom_Ch_setClockSource
                0x80014f5e       0x10 2_Out/Gnuc/0_Src/4_McHal/Tricore/Gtm/Std/IfxGtm_Tom.o
                0x80014f5e                IfxGtm_Tom_Ch_setClockSource
 .text.IfxGtm_Tom_Ch_setCompareOneShadow
                0x80014f6e        0xc 2_Out/Gnuc/0_Src/4_McHal/Tricore/Gtm/Std/IfxGtm_Tom.o
                0x80014f6e                IfxGtm_Tom_Ch_setCompareOneShadow
 .text.IfxGtm_Tom_Ch_setCompareShadow
                0x80014f7a       0x10 2_Out/Gnuc/0_Src/4_McHal/Tricore/Gtm/Std/IfxGtm_Tom.o
                0x80014f7a                IfxGtm_Tom_Ch_setCompareShadow
 .text.IfxGtm_Tom_Ch_setCompareZeroShadow
                0x80014f8a        0xc 2_Out/Gnuc/0_Src/4_McHal/Tricore/Gtm/Std/IfxGtm_Tom.o
                0x80014f8a                IfxGtm_Tom_Ch_setCompareZeroShadow
 .text.IfxGtm_Tom_Ch_setCounterValue
                0x80014f96        0xc 2_Out/Gnuc/0_Src/4_McHal/Tricore/Gtm/Std/IfxGtm_Tom.o
                0x80014f96                IfxGtm_Tom_Ch_setCounterValue
 .text.IfxGtm_Tom_Ch_setNotification
                0x80014fa2       0x30 2_Out/Gnuc/0_Src/4_McHal/Tricore/Gtm/Std/IfxGtm_Tom.o
                0x80014fa2                IfxGtm_Tom_Ch_setNotification
 .text.IfxGtm_Tom_Ch_setResetSource
                0x80014fd2       0x10 2_Out/Gnuc/0_Src/4_McHal/Tricore/Gtm/Std/IfxGtm_Tom.o
                0x80014fd2                IfxGtm_Tom_Ch_setResetSource
 .text.IfxGtm_Tom_Ch_setSignalLevel
                0x80014fe2       0x14 2_Out/Gnuc/0_Src/4_McHal/Tricore/Gtm/Std/IfxGtm_Tom.o
                0x80014fe2                IfxGtm_Tom_Ch_setSignalLevel
 .text.IfxGtm_Tom_Ch_setTriggerOutput
                0x80014ff6       0x10 2_Out/Gnuc/0_Src/4_McHal/Tricore/Gtm/Std/IfxGtm_Tom.o
                0x80014ff6                IfxGtm_Tom_Ch_setTriggerOutput
 .text.IfxGtm_Tom_Tgc_buildFeature
                0x80015006       0x2e 2_Out/Gnuc/0_Src/4_McHal/Tricore/Gtm/Std/IfxGtm_Tom.o
                0x80015006                IfxGtm_Tom_Tgc_buildFeature
 .text.IfxGtm_Tom_Tgc_enableChannels
                0x80015034       0x18 2_Out/Gnuc/0_Src/4_McHal/Tricore/Gtm/Std/IfxGtm_Tom.o
                0x80015034                IfxGtm_Tom_Tgc_enableChannels
 .text.IfxGtm_Tom_Tgc_enableChannelsOutput
                0x8001504c       0x18 2_Out/Gnuc/0_Src/4_McHal/Tricore/Gtm/Std/IfxGtm_Tom.o
                0x8001504c                IfxGtm_Tom_Tgc_enableChannelsOutput
 .text.IfxGtm_Tom_Tgc_setChannelsForceUpdate
                0x80015064       0x20 2_Out/Gnuc/0_Src/4_McHal/Tricore/Gtm/Std/IfxGtm_Tom.o
                0x80015064                IfxGtm_Tom_Tgc_setChannelsForceUpdate
 .text.IfxGtm_Tom_Tgc_trigger
                0x80015084        0x6 2_Out/Gnuc/0_Src/4_McHal/Tricore/Gtm/Std/IfxGtm_Tom.o
                0x80015084                IfxGtm_Tom_Tgc_trigger
 .text.IfxGtm_Tom_PwmHl_setOnTime
                0x8001508a        0x4 2_Out/Gnuc/0_Src/4_McHal/Tricore/Gtm/Tom/PwmHl/IfxGtm_Tom_PwmHl.o
                0x8001508a                IfxGtm_Tom_PwmHl_setOnTime
 .text.IfxGtm_Tom_PwmHl_setMode
                0x8001508e       0xac 2_Out/Gnuc/0_Src/4_McHal/Tricore/Gtm/Tom/PwmHl/IfxGtm_Tom_PwmHl.o
                0x8001508e                IfxGtm_Tom_PwmHl_setMode
 .text.IfxGtm_Tom_PwmHl_updateOff
                0x8001513a       0x52 2_Out/Gnuc/0_Src/4_McHal/Tricore/Gtm/Tom/PwmHl/IfxGtm_Tom_PwmHl.o
 .text.IfxGtm_Tom_PwmHl_updateEdgeAligned
                0x8001518c       0xea 2_Out/Gnuc/0_Src/4_McHal/Tricore/Gtm/Tom/PwmHl/IfxGtm_Tom_PwmHl.o
 .text.IfxGtm_Tom_PwmHl_updateCenterAligned
                0x80015276       0xf6 2_Out/Gnuc/0_Src/4_McHal/Tricore/Gtm/Tom/PwmHl/IfxGtm_Tom_PwmHl.o
 .text.IfxGtm_Tom_PwmHl_init
                0x8001536c      0x304 2_Out/Gnuc/0_Src/4_McHal/Tricore/Gtm/Tom/PwmHl/IfxGtm_Tom_PwmHl.o
                0x8001536c                IfxGtm_Tom_PwmHl_init
 .text.IfxGtm_Tom_PwmHl_initConfig
                0x80015670       0x12 2_Out/Gnuc/0_Src/4_McHal/Tricore/Gtm/Tom/PwmHl/IfxGtm_Tom_PwmHl.o
                0x80015670                IfxGtm_Tom_PwmHl_initConfig
 .text.IfxGtm_Tom_Timer_applyUpdate
                0x80015682       0x12 2_Out/Gnuc/0_Src/4_McHal/Tricore/Gtm/Tom/Timer/IfxGtm_Tom_Timer.o
                0x80015682                IfxGtm_Tom_Timer_applyUpdate
 .text.IfxGtm_Tom_Timer_disableUpdate
                0x80015694       0x10 2_Out/Gnuc/0_Src/4_McHal/Tricore/Gtm/Tom/Timer/IfxGtm_Tom_Timer.o
                0x80015694                IfxGtm_Tom_Timer_disableUpdate
 .text.IfxGtm_Tom_Timer_getPeriod
                0x800156a4        0x4 2_Out/Gnuc/0_Src/4_McHal/Tricore/Gtm/Tom/Timer/IfxGtm_Tom_Timer.o
                0x800156a4                IfxGtm_Tom_Timer_getPeriod
 .text.IfxGtm_Tom_Timer_updateInputFrequency
                0x800156a8       0x12 2_Out/Gnuc/0_Src/4_McHal/Tricore/Gtm/Tom/Timer/IfxGtm_Tom_Timer.o
                0x800156a8                IfxGtm_Tom_Timer_updateInputFrequency
 .text.IfxGtm_Tom_Timer_run
                0x800156ba       0x24 2_Out/Gnuc/0_Src/4_McHal/Tricore/Gtm/Tom/Timer/IfxGtm_Tom_Timer.o
                0x800156ba                IfxGtm_Tom_Timer_run
 .text.IfxGtm_Tom_Timer_setTrigger
                0x800156de       0x4e 2_Out/Gnuc/0_Src/4_McHal/Tricore/Gtm/Tom/Timer/IfxGtm_Tom_Timer.o
                0x800156de                IfxGtm_Tom_Timer_setTrigger
 .text.IfxGtm_Tom_Timer_setPeriod
                0x8001572c       0x60 2_Out/Gnuc/0_Src/4_McHal/Tricore/Gtm/Tom/Timer/IfxGtm_Tom_Timer.o
                0x8001572c                IfxGtm_Tom_Timer_setPeriod
 .text.IfxGtm_Tom_Timer_setFrequency
                0x8001578c       0x16 2_Out/Gnuc/0_Src/4_McHal/Tricore/Gtm/Tom/Timer/IfxGtm_Tom_Timer.o
                0x8001578c                IfxGtm_Tom_Timer_setFrequency
 .text.IfxGtm_Tom_Timer_acknowledgeTimerIrq